--------- beginning of main
05-26 19:07:23.428  5069  5069 I abb     : StartCommandInProcess(73657474696e67730067657400676c6f settings.get.glo [truncated])
05-26 19:07:23.436   581   581 W binder:581_7: type=1400 audit(0.0:109): avc:  denied  { getopt } for  scontext=u:r:system_server:s0 tcontext=u:r:shell:s0 tclass=unix_stream_socket permissive=0
05-26 19:07:23.436   581   581 W binder:581_7: type=1400 audit(0.0:110): avc:  denied  { getopt } for  scontext=u:r:system_server:s0 tcontext=u:r:shell:s0 tclass=unix_stream_socket permissive=0
05-26 19:07:23.444  5069  5069 I abb     : StartCommandInProcess(7061636b61676500696e7374616c6c00 package.install. [truncated])
05-26 19:07:23.436   581   581 W binder:581_7: type=1400 audit(0.0:111): avc:  denied  { getopt } for  scontext=u:r:system_server:s0 tcontext=u:r:shell:s0 tclass=unix_stream_socket permissive=0
05-26 19:07:24.085   800   800 I wpa_supplicant: wlan0: CTRL-EVENT-BEACON-LOSS 
05-26 19:07:26.457   581   728 W IPCThreadState: Sending oneway calls to frozen process.
05-26 19:07:26.460   581   728 W IPCThreadState: Sending oneway calls to frozen process.
05-26 19:07:26.461   581   728 W IPCThreadState: Sending oneway calls to frozen process.
05-26 19:07:26.461   581   728 W IPCThreadState: Sending oneway calls to frozen process.
05-26 19:07:26.461   581   728 W IPCThreadState: Sending oneway calls to frozen process.
05-26 19:07:26.462   581   728 W IPCThreadState: Sending oneway calls to frozen process.
05-26 19:07:26.462   581   728 W IPCThreadState: Sending oneway calls to frozen process.
05-26 19:07:26.464  1084  1782 I ChimeraSrvcProxy: NullBinder for android.net.action.RECOMMEND_NETWORKS triggering remote TransactionTooLargeException due to Service without Chimera impl
05-26 19:07:26.464  1084  1782 W .gms.persistent: Large reply transaction of 1056768 bytes, interface descriptor , code 1
05-26 19:07:26.467  1264  1582 I BugleRcsEngine: Connected state: [1], networkType: [WIFI] [CONTEXT thread_id=57 ]
05-26 19:07:26.468  1264  1878 I BugleRcsEngine: handleMessage processing message:[NOTIFY_UPTIME_IGNORE_STATE_CHANGED] with [non-null]:RcsEngineImpl reference [CONTEXT log_prefix="RcsEngineImpl[DUAL_REG]:[f61310d2-7d3b]>Handler" thread_id=62 ]
05-26 19:07:26.479  1264  1878 I BugleRcsEngine: No RCS Configuration was found in Bugle for simID: redacted-pii:sim_id[chars:20,last3:897] [CONTEXT log_prefix="ProvisioningEngineDataRetriever" thread_id=62 ]
05-26 19:07:28.480   581   581 W binder:581_7: type=1400 audit(0.0:112): avc:  denied  { getopt } for  scontext=u:r:system_server:s0 tcontext=u:r:shell:s0 tclass=unix_stream_socket permissive=0
--------- beginning of system
05-26 19:07:28.487   581   854 D CompatChangeReporter: Compat change id reported: 240618202; UID 2000; state: ENABLED
05-26 19:07:28.513   581   854 E SystemServiceRegistry: No service published for: persistent_data_block
05-26 19:07:28.513   581   854 E SystemServiceRegistry: android.os.ServiceManager$ServiceNotFoundException: No service published for: persistent_data_block
05-26 19:07:28.513   581   854 E SystemServiceRegistry: 	at android.os.ServiceManager.getServiceOrThrow(ServiceManager.java:203)
05-26 19:07:28.513   581   854 E SystemServiceRegistry: 	at android.app.SystemServiceRegistry$81.createService(SystemServiceRegistry.java:1071)
05-26 19:07:28.513   581   854 E SystemServiceRegistry: 	at android.app.SystemServiceRegistry$81.createService(SystemServiceRegistry.java:1068)
05-26 19:07:28.513   581   854 E SystemServiceRegistry: 	at android.app.SystemServiceRegistry$StaticServiceFetcher.getService(SystemServiceRegistry.java:2293)
05-26 19:07:28.513   581   854 E SystemServiceRegistry: 	at android.app.SystemServiceRegistry.getSystemService(SystemServiceRegistry.java:1812)
05-26 19:07:28.513   581   854 E SystemServiceRegistry: 	at android.app.ContextImpl.getSystemService(ContextImpl.java:2241)
05-26 19:07:28.513   581   854 E SystemServiceRegistry: 	at android.content.Context.getSystemService(Context.java:4503)
05-26 19:07:28.513   581   854 E SystemServiceRegistry: 	at com.android.server.pm.PackageInstallerSession.markAsSealed(PackageInstallerSession.java:2394)
05-26 19:07:28.513   581   854 E SystemServiceRegistry: 	at com.android.server.pm.PackageInstallerSession.commit(PackageInstallerSession.java:2143)
05-26 19:07:28.513   581   854 E SystemServiceRegistry: 	at android.content.pm.PackageInstaller$Session.commit(PackageInstaller.java:1977)
05-26 19:07:28.513   581   854 E SystemServiceRegistry: 	at com.android.server.pm.PackageManagerShellCommand.doCommitSession(PackageManagerShellCommand.java:4298)
05-26 19:07:28.513   581   854 E SystemServiceRegistry: 	at com.android.server.pm.PackageManagerShellCommand.doRunInstall(PackageManagerShellCommand.java:1634)
05-26 19:07:28.513   581   854 E SystemServiceRegistry: 	at com.android.server.pm.PackageManagerShellCommand.runInstall(PackageManagerShellCommand.java:1561)
05-26 19:07:28.513   581   854 E SystemServiceRegistry: 	at com.android.server.pm.PackageManagerShellCommand.onCommand(PackageManagerShellCommand.java:245)
05-26 19:07:28.513   581   854 E SystemServiceRegistry: 	at com.android.modules.utils.BasicShellCommandHandler.exec(BasicShellCommandHandler.java:97)
05-26 19:07:28.513   581   854 E SystemServiceRegistry: 	at android.os.ShellCommand.exec(ShellCommand.java:38)
05-26 19:07:28.513   581   854 E SystemServiceRegistry: 	at com.android.server.pm.PackageManagerService$IPackageManagerImpl.onShellCommand(PackageManagerService.java:6561)
05-26 19:07:28.513   581   854 E SystemServiceRegistry: 	at android.os.Binder.shellCommand(Binder.java:1230)
05-26 19:07:28.513   581   854 E SystemServiceRegistry: 	at android.os.Binder.onTransact(Binder.java:1043)
05-26 19:07:28.513   581   854 E SystemServiceRegistry: 	at android.content.pm.IPackageManager$Stub.onTransact(IPackageManager.java:4620)
05-26 19:07:28.513   581   854 E SystemServiceRegistry: 	at com.android.server.pm.PackageManagerService$IPackageManagerImpl.onTransact(PackageManagerService.java:6545)
05-26 19:07:28.513   581   854 E SystemServiceRegistry: 	at android.os.Binder.execTransactInternal(Binder.java:1505)
05-26 19:07:28.513   581   854 E SystemServiceRegistry: 	at android.os.Binder.execTransact(Binder.java:1444)
05-26 19:07:28.516   581   854 E SystemServiceRegistry: Manager wrapper not available: persistent_data_block
05-26 19:07:28.705   581   650 D FileSystemUtils: Punching holes in file: /data/app/vmdl2134339297.tmp/base.apk programHeaderOffset: 64 programHeaderNum: 10
05-26 19:07:28.706   581   650 D FileSystemUtils: Total number of LOAD segments 3
05-26 19:07:28.706   581   650 D FileSystemUtils: Size before punching holes st_blocks: 252120, st_blksize: 4096, st_size: 129079053
05-26 19:07:28.706   581   650 D FileSystemUtils: Size after punching holes st_blocks: 252120, st_blksize: 4096, st_size: 129079053
05-26 19:07:28.706   581   650 D FileSystemUtils: Extra field length: 9568,  Size before punching holes st_blocks: 252120, st_blksize: 4096, st_size: 129079053
05-26 19:07:28.706   581   650 D FileSystemUtils: Extra field length: 9568 content near offset: 35d95c25004000000000000000000000000000000000000000000000000000000000000000000000000000000000000000000000000000000000000000000000000000000000000000000000000000000000000000000000000000000000000000000000000000000000000000000000000000000000000000000000000000000000000000000000000000000000000000000000000000000000000000000000000000000000000000000000000000000000000000000000000000000000000000000000000000000000000000000000000000000000000000000000000000000000000000000000000000000000000000000000000000000000000000000000000000000000000000000000000000000000000000000000000000000000000000000000000000000000000000000000000000000000000000000000000000000000000000000000000000000000000000000000000000000000000000000000000000000000000000000000000000000000000000000000000000000000000000000000000000000000000000000000000000000000000000000000000000000000000000000000000000000000000000000000000000000000000000000000000000000000000000000000000000000000000000000000000000000000000000000000000000000
05-26 19:07:28.706   581   650 D FileSystemUtils: Punching hole in file - start: 105226240 len:8192
05-26 19:07:28.709   581   650 D FileSystemUtils: punchHolesInApk:: Size after punching holes st_blocks: 252104, st_blksize: 4096, st_size: 129079053
05-26 19:07:28.710   581   650 D FileSystemUtils: Punching holes in file: /data/app/vmdl2134339297.tmp/base.apk programHeaderOffset: 64 programHeaderNum: 12
05-26 19:07:28.710   581   650 D FileSystemUtils: Total number of LOAD segments 4
05-26 19:07:28.710   581   650 D FileSystemUtils: Size before punching holes st_blocks: 252104, st_blksize: 4096, st_size: 129079053
05-26 19:07:28.710   581   650 D FileSystemUtils: Size after punching holes st_blocks: 252104, st_blksize: 4096, st_size: 129079053
05-26 19:07:28.710   581   650 D FileSystemUtils: Extra field length: 11031,  Size before punching holes st_blocks: 252104, st_blksize: 4096, st_size: 129079053
05-26 19:07:28.710   581   650 D FileSystemUtils: Extra field length: 11031 content near offset: 35d9132b00400000000000000000000000000000000000000000000000000000000000000000000000000000000000000000000000000000000000000000000000000000000000000000000000000000000000000000000000000000000000000000000000000000000000000000000000000000000000000000000000000000000000000000000000000000000000000000000000000000000000000000000000000000000000000000000000000000000000000000000000000000000000000000000000000000000000000000000000000000000000000000000000000000000000000000000000000000000000000000000000000000000000000000000000000000000000000000000000000000000000000000000000000000000000000000000000000000000000000000000000000000000000000000000000000000000000000000000000000000000000000000000000000000000000000000000000000000000000000000000000000000000000000000000000000000000000000000000000000000000000000000000000000000000000000000000000000000000000000000000000000000000000000000000000000000000000000000000000000000000000000000000000000000000000000000000000000000000000000000000000000000
05-26 19:07:28.710   581   650 D FileSystemUtils: Punching hole in file - start: 105472000 len:8192
05-26 19:07:28.712   581   650 D FileSystemUtils: punchHolesInApk:: Size after punching holes st_blocks: 252096, st_blksize: 4096, st_size: 129079053
05-26 19:07:28.712   581   650 D FileSystemUtils: Punching holes in file: /data/app/vmdl2134339297.tmp/base.apk programHeaderOffset: 64 programHeaderNum: 11
05-26 19:07:28.713   581   650 D FileSystemUtils: Total number of LOAD segments 4
05-26 19:07:28.713   581   650 D FileSystemUtils: Size before punching holes st_blocks: 252096, st_blksize: 4096, st_size: 129079053
05-26 19:07:28.713   581   650 D FileSystemUtils: Size after punching holes st_blocks: 252096, st_blksize: 4096, st_size: 129079053
05-26 19:07:28.713   581   650 D FileSystemUtils: Extra field length: 6756,  Size before punching holes st_blocks: 252096, st_blksize: 4096, st_size: 129079053
05-26 19:07:28.713   581   650 D FileSystemUtils: Extra field length: 6756 content near offset: 35d9601a004000000000000000000000000000000000000000000000000000000000000000000000000000000000000000000000000000000000000000000000000000000000000000000000000000000000000000000000000000000000000000000000000000000000000000000000000000000000000000000000000000000000000000000000000000000000000000000000000000000000000000000000000000000000000000000000000000000000000000000000000000000000000000000000000000000000000000000000000000000000000000000000000000000000000000000000000000000000000000000000000000000000000000000000000000000000000000000000000000000000000000000000000000000000000000000000000000000000000000000000000000000000000000000000000000000000000000000000000000000000000000000000000000000000000000000000000000000000000000000000000000000000000000000000000000000000000000000000000000000000000000000000000000000000000000000000000000000000000000000000000000000000000000000000000000000000000000000000000000000000000000000000000000000000000000000000000000000000000000000000000000000
05-26 19:07:28.713   581   650 D FileSystemUtils: Punching hole in file - start: 89763840 len:4096
05-26 19:07:28.715   581   650 D FileSystemUtils: punchHolesInApk:: Size after punching holes st_blocks: 252088, st_blksize: 4096, st_size: 129079053
05-26 19:07:28.725   581   592 I system_server: Background concurrent mark compact GC freed 20MB AllocSpace bytes, 114(3052KB) LOS objects, 46% free, 27MB/51MB, paused 924us,1.078ms total 209.616ms
05-26 19:07:28.742   581   604 I DropBoxManagerService: add tag=system_server_strictmode isTagEnabled=true flags=0x2
05-26 19:07:28.846   581   637 I PackageManager: Integrity check passed for file:///data/app/vmdl2134339297.tmp
05-26 19:07:28.928   581   612 I ActivityManager: Force stopping com.whatsapp appid=10213 user=-1: installPackageLI
05-26 19:07:28.934   581   637 I PackageManager: Update package com.whatsapp code path from /data/app/~~EBxXCBrsC7szCqh0NaaTbg==/com.whatsapp-aDj7QufU76qknZ9PU0Mr3w== to /data/app/~~CC1of49im3gWGB8c4swVUA==/com.whatsapp-y30uFyf5-EVMw-NIvdyClQ==; Retain data and using new
05-26 19:07:28.936   581   637 I AppsFilter: interaction: PackageSetting{d20c8d9 com.android.microdroid.empty_payload/10199} -> PackageSetting{5072496 com.whatsapp/10213} BLOCKED
05-26 19:07:28.936   581   637 I AppsFilter: interaction: PackageSetting{d20c8d9 com.android.microdroid.empty_payload/10199} -> PackageSetting{7072e93 com.whatsapp/10213} BLOCKED
--------- beginning of kernel
05-26 19:07:28.926     0     0 I binder  : 581:612 ioctl 400c620e 7722a8b69eb4 returned -11
05-26 19:07:28.930     0     0 I servicemanager: Caller(pid=581,uid=1000,sid=u:r:system_server:s0) Since 'artd' could not be found trying to start it as a lazy AIDL service. (if it's not configured to be a lazy service, it may be stuck starting or still starting).
05-26 19:07:28.964   581   612 E ActivityManager: Unable to freeze binder for 4253: -11
05-26 19:07:28.966   581   603 D DisplayManagerService: Drop pending events for gone uid 10213
05-26 19:07:28.967   581   612 I ActivityManager: Killing 4253:com.whatsapp/u0a213 (adj 935): stop com.whatsapp due to installPackageLI
05-26 19:07:28.944     0     0 I binder  : 581:612 ioctl 400c620e 7722a8b69eb4 returned -11
05-26 19:07:29.002   382   469 I netd    : tetherGetStats() -> {[]} <0.78ms>
05-26 19:07:28.985     0     0 I init    : starting service 'artd'...
05-26 19:07:28.990     0     0 I binder  : undelivered transaction 433260, process died.
05-26 19:07:28.992     0     0 I binder  : undelivered transaction 433939, process died.
05-26 19:07:28.992     0     0 I binder  : undelivered transaction 434458, process died.
05-26 19:07:28.992     0     0 I binder  : undelivered transaction 435169, process died.
05-26 19:07:28.993     0     0 I binder  : undelivered transaction 438069, process died.
05-26 19:07:28.994     0     0 I binder  : undelivered transaction 438741, process died.
05-26 19:07:28.995     0     0 I binder  : undelivered transaction 439253, process died.
05-26 19:07:28.995     0     0 I binder  : undelivered transaction 439554, process died.
05-26 19:07:28.995     0     0 I binder  : undelivered transaction 439870, process died.
05-26 19:07:28.995     0     0 I binder  : undelivered transaction 440762, process died.
05-26 19:07:29.016   581   728 D ConnectivityService: releasing NetworkRequest [ REQUEST id=185, [ Capabilities: INTERNET&NOT_RESTRICTED&TRUSTED&NOT_VCN_MANAGED&NOT_BANDWIDTH_CONSTRAINED Uid: 10213 RequestorUid: 10213 RequestorPkg: com.whatsapp UnderlyingNetworks: Null] ] (release request)
05-26 19:07:29.017   383   383 I Zygote  : Process 4253 exited due to signal 9 (Killed)
05-26 19:07:29.018   581   614 I libprocessgroup: Removed cgroup /sys/fs/cgroup/uid_10213/pid_4253
05-26 19:07:29.034   581  3284 V ActivityManager: Got obituary of 4253:com.whatsapp
05-26 19:07:29.110     0     0 I init    : ... started service 'artd' has pid 5081
05-26 19:07:29.113     0     0 I init    : Control message: Processed ctl.interface_start for 'aidl/artd' from pid: 170 (/system/bin/servicemanager)
05-26 19:07:29.263  5081  5081 I artd    : Starting artd
05-26 19:07:29.265  5081  5081 I AidlLazyServiceRegistrar: Registering service artd
05-26 19:07:29.268  5081  5081 I AidlLazyServiceRegistrar: Process has 1 (of 1 available) client(s) in use after notification artd has clients: 1
05-26 19:07:29.248     0     0 I servicemanager: Notifying artd they do (previously: don't) have clients when service is guaranteed to be in use
05-26 19:07:29.248     0     0 I BpBinder: onLastStrongRef automatically unlinking death recipients:
05-26 19:07:29.305     0     0 I logd    : start watching /data/system/packages.list ...
05-26 19:07:29.324   581   637 D PackageManager: Instant App installer not found with android.intent.action.INSTALL_INSTANT_APP_PACKAGE
05-26 19:07:29.324   581   637 D PackageManager: Clear ephemeral installer activity
05-26 19:07:29.308     0     0 I logd    : ReadPackageList, total packages: 217
05-26 19:07:29.426  5081  5083 I artd    : Merge skipped because there are no existing profiles
05-26 19:07:29.426   581   637 I ArtService: Adjusting the compiler filter for 'com.whatsapp' from 'speed-profile' to 'verify' because there is no valid profile
05-26 19:07:29.611  5081  5081 I artd    : Dex parent of /data/app/~~CC1of49im3gWGB8c4swVUA==/com.whatsapp-y30uFyf5-EVMw-NIvdyClQ==/base.apk is not writable: Permission denied
05-26 19:07:29.612  5081  5081 I artd    : GetBestInfo checking odex in dalvik-cache (/data/dalvik-cache/x86_64/data@app@~~CC1of49im3gWGB8c4swVUA==@com.whatsapp-y30uFyf5-EVMw-NIvdyClQ==@base.apk@classes.dex)
05-26 19:07:29.612  5081  5081 I artd    : Loading /data/dalvik-cache/x86_64/data@app@~~CC1of49im3gWGB8c4swVUA==@com.whatsapp-y30uFyf5-EVMw-NIvdyClQ==@base.apk@classes.dex with executable: 0
05-26 19:07:29.613  5081  5081 I artd    : OatFileAssistant test for existing oat file /data/dalvik-cache/x86_64/data@app@~~CC1of49im3gWGB8c4swVUA==@com.whatsapp-y30uFyf5-EVMw-NIvdyClQ==@base.apk@classes.dex: File /data/dalvik-cache/x86_64/data@app@~~CC1of49im3gWGB8c4swVUA==@com.whatsapp-y30uFyf5-EVMw-NIvdyClQ==@base.apk@classes.vdex does not exist.
05-26 19:07:29.613  5081  5081 I artd    : GetBestInfo checking odex next to the dex file (/data/app/~~CC1of49im3gWGB8c4swVUA==/com.whatsapp-y30uFyf5-EVMw-NIvdyClQ==/oat/x86_64/base.odex)
05-26 19:07:29.613  5081  5081 I artd    : Loading /data/app/~~CC1of49im3gWGB8c4swVUA==/com.whatsapp-y30uFyf5-EVMw-NIvdyClQ==/oat/x86_64/base.odex with executable: 0
05-26 19:07:29.614  5081  5081 I artd    : OatFileAssistant test for existing oat file /data/app/~~CC1of49im3gWGB8c4swVUA==/com.whatsapp-y30uFyf5-EVMw-NIvdyClQ==/oat/x86_64/base.odex: File /data/app/~~CC1of49im3gWGB8c4swVUA==/com.whatsapp-y30uFyf5-EVMw-NIvdyClQ==/oat/x86_64/base.vdex does not exist.
05-26 19:07:29.614  5081  5081 I artd    : GetBestInfo checking vdex in dalvik-cache (/data/dalvik-cache/x86_64/data@app@~~CC1of49im3gWGB8c4swVUA==@com.whatsapp-y30uFyf5-EVMw-NIvdyClQ==@base.apk@classes.vdex)
05-26 19:07:29.614  5081  5081 I artd    : unable to open vdex file /data/dalvik-cache/x86_64/data@app@~~CC1of49im3gWGB8c4swVUA==@com.whatsapp-y30uFyf5-EVMw-NIvdyClQ==@base.apk@classes.vdex: File /data/dalvik-cache/x86_64/data@app@~~CC1of49im3gWGB8c4swVUA==@com.whatsapp-y30uFyf5-EVMw-NIvdyClQ==@base.apk@classes.vdex does not exist.
05-26 19:07:29.614  5081  5081 I artd    : OatFileAssistant test for existing oat file /data/dalvik-cache/x86_64/data@app@~~CC1of49im3gWGB8c4swVUA==@com.whatsapp-y30uFyf5-EVMw-NIvdyClQ==@base.apk@classes.vdex: File /data/dalvik-cache/x86_64/data@app@~~CC1of49im3gWGB8c4swVUA==@com.whatsapp-y30uFyf5-EVMw-NIvdyClQ==@base.apk@classes.vdex does not exist.
05-26 19:07:29.614  5081  5081 I artd    : GetBestInfo checking vdex next to the dex file (/data/app/~~CC1of49im3gWGB8c4swVUA==/com.whatsapp-y30uFyf5-EVMw-NIvdyClQ==/oat/x86_64/base.vdex)
05-26 19:07:29.614  5081  5081 I artd    : unable to open vdex file /data/app/~~CC1of49im3gWGB8c4swVUA==/com.whatsapp-y30uFyf5-EVMw-NIvdyClQ==/oat/x86_64/base.vdex: File /data/app/~~CC1of49im3gWGB8c4swVUA==/com.whatsapp-y30uFyf5-EVMw-NIvdyClQ==/oat/x86_64/base.vdex does not exist.
05-26 19:07:29.614  5081  5081 I artd    : OatFileAssistant test for existing oat file /data/app/~~CC1of49im3gWGB8c4swVUA==/com.whatsapp-y30uFyf5-EVMw-NIvdyClQ==/oat/x86_64/base.vdex: File /data/app/~~CC1of49im3gWGB8c4swVUA==/com.whatsapp-y30uFyf5-EVMw-NIvdyClQ==/oat/x86_64/base.vdex does not exist.
05-26 19:07:29.614  5081  5081 I artd    : GetBestInfo checking dm (/data/app/~~CC1of49im3gWGB8c4swVUA==/com.whatsapp-y30uFyf5-EVMw-NIvdyClQ==/base.dm)
05-26 19:07:29.615  5081  5081 W ziparchive: Unable to open '/data/app/~~CC1of49im3gWGB8c4swVUA==/com.whatsapp-y30uFyf5-EVMw-NIvdyClQ==/base.dm': No such file or directory
05-26 19:07:29.615  5081  5081 I artd    : OatFileAssistant test for existing oat file /data/app/~~CC1of49im3gWGB8c4swVUA==/com.whatsapp-y30uFyf5-EVMw-NIvdyClQ==/base.dm: I/O error
05-26 19:07:29.615  5081  5081 I artd    : GetBestInfo checking dm (/data/app/~~CC1of49im3gWGB8c4swVUA==/com.whatsapp-y30uFyf5-EVMw-NIvdyClQ==/base.dm)
05-26 19:07:29.615  5081  5081 W ziparchive: Unable to open '/data/app/~~CC1of49im3gWGB8c4swVUA==/com.whatsapp-y30uFyf5-EVMw-NIvdyClQ==/base.dm': No such file or directory
05-26 19:07:29.615  5081  5081 I artd    : OatFileAssistant test for existing oat file /data/app/~~CC1of49im3gWGB8c4swVUA==/com.whatsapp-y30uFyf5-EVMw-NIvdyClQ==/base.dm: I/O error
05-26 19:07:29.615  5081  5081 I artd    : GetBestInfo no usable artifacts
05-26 19:07:29.652  5081  5083 I artd    : Running dex2oat: /apex/com.android.art/bin/art_exec --drop-capabilities --set-task-profile=Dex2OatBootComplete --set-priority=background --keep-fds=7:8:9:10:11:12:13 -- /apex/com.android.art/bin/dex2oat64 --zip-fd=7 --zip-location=/data/app/~~CC1of49im3gWGB8c4swVUA==/com.whatsapp-y30uFyf5-EVMw-NIvdyClQ==/base.apk --oat-fd=8 --oat-location=/data/app/~~CC1of49im3gWGB8c4swVUA==/com.whatsapp-y30uFyf5-EVMw-NIvdyClQ==/oat/x86_64/base.odex --output-vdex-fd=9 --swap-fd=10 --class-loader-context-fds=11:12:13 --class-loader-context=PCL[]{PCL[/system/framework/org.apache.http.legacy.jar]#PCL[/system_ext/framework/androidx.window.extensions.jar]#PCL[/system_ext/framework/androidx.window.sidecar.jar]} --classpath-dir=/data/app/~~CC1of49im3gWGB8c4swVUA==/com.whatsapp-y30uFyf5-EVMw-NIvdyClQ== --instruction-set=x86_64 --instruction-set-features=default --instruction-set-variant=x86_64 --compiler-filter=verify --compilation-reason=install --compact-dex-level=none --max-image-block-size=524288 --resolve-startup-const-strings=true --generate-mini-debug-info --runtime-arg -Xtarget-sdk-version:36 --runtime-arg -Xhidden-api-policy:enabled --runtime-arg -Xms64m --runtime-arg -Xmx512m --comments=app-name:com.whatsapp,app-version-name:2.26.7.74,app-version-code:260707404,art-version:350820300
05-26 19:07:29.652  5081  5083 I artd    : Opened FDs: 7:/data/app/~~CC1of49im3gWGB8c4swVUA==/com.whatsapp-y30uFyf5-EVMw-NIvdyClQ==/base.apk 8:/data/app/~~CC1of49im3gWGB8c4swVUA==/com.whatsapp-y30uFyf5-EVMw-NIvdyClQ==/oat/x86_64/base.odex.OklR0e.tmp 9:/data/app/~~CC1of49im3gWGB8c4swVUA==/com.whatsapp-y30uFyf5-EVMw-NIvdyClQ==/oat/x86_64/base.vdex.BQy9JM.tmp 10:/data/app/~~CC1of49im3gWGB8c4swVUA==/com.whatsapp-y30uFyf5-EVMw-NIvdyClQ==/oat/x86_64/base.odex.swap.Tr1iIX.tmp 11:/system_ext/framework/androidx.window.sidecar.jar 12:/system_ext/framework/androidx.window.extensions.jar 13:/system/framework/org.apache.http.legacy.jar 
05-26 19:07:29.739  5086  5086 W dex2oat64: Obsolete flag --compact-dex-level ignored
05-26 19:07:29.739  5086  5086 W dex2oat64: Unexpected CPU variant for x86: x86_64.
05-26 19:07:29.739  5086  5086 W dex2oat64: Known variants: atom, sandybridge, silvermont, goldmont, goldmont-plus, goldmont-without-sha-xsaves, tremont, kabylake, default
05-26 19:07:29.741  5086  5086 W dex2oat64: Mismatch between dex2oat instruction set features to use (ISA: X86_64 Feature string: -ssse3,-sse4.1,-sse4.2,-avx,-avx2,-popcnt) and those from CPP defines (ISA: X86_64 Feature string: ssse3,sse4.1,sse4.2,-avx,-avx2,popcnt) for the command line:
05-26 19:07:29.741  5086  5086 W dex2oat64: /apex/com.android.art/bin/dex2oat64 --zip-fd=7 --zip-location=/data/app/~~CC1of49im3gWGB8c4swVUA==/com.whatsapp-y30uFyf5-EVMw-NIvdyClQ==/base.apk --oat-fd=8 --oat-location=/data/app/~~CC1of49im3gWGB8c4swVUA==/com.whatsapp-y30uFyf5-EVMw-NIvdyClQ==/oat/x86_64/base.odex --output-vdex-fd=9 --swap-fd=10 --class-loader-context-fds=11:12:13 --class-loader-context=PCL[]{PCL[/system/framework/org.apache.http.legacy.jar]#PCL[/system_ext/framework/androidx.window.extensions.jar]#PCL[/system_ext/framework/androidx.window.sidecar.jar]} --classpath-dir=/data/app/~~CC1of49im3gWGB8c4swVUA==/com.whatsapp-y30uFyf5-EVMw-NIvdyClQ== --instruction-set=x86_64 --instruction-set-features=default --instruction-set-variant=x86_64 --compiler-filter=verify --compilation-reason=install --compact-dex-level=none --max-image-block-size=524288 --resolve-startup-const-strings=true --generate-mini-debug-info --runtime-arg -Xtarget-sdk-version:36 --runtime-arg -Xhidden-api-policy:enabled --runtime-arg -Xms64m --runtime-arg -Xmx512m --comments=app-name:com.whatsapp,app-version-name:2.26.7.74,app-version-code:260707404,art-version:350820300
05-26 19:07:29.741  5086  5086 I dex2oat64: /apex/com.android.art/bin/dex2oat64 --output-vdex-fd=9 --class-loader-context-fds=11:12:13 --class-loader-context=PCL[]{PCL[/system/framework/org.apache.http.legacy.jar]#PCL[/system_ext/framework/androidx.window.extensions.jar]#PCL[/system_ext/framework/androidx.window.sidecar.jar]} --classpath-dir=/data/app/~~CC1of49im3gWGB8c4swVUA==/com.whatsapp-y30uFyf5-EVMw-NIvdyClQ== --compiler-filter=verify --compilation-reason=install --compact-dex-level=none --max-image-block-size=524288 --resolve-startup-const-strings=true --generate-mini-debug-info --comments=app-name:com.whatsapp,app-version-name:2.26.7.74,app-version-code:260707404,art-version:350820300
05-26 19:07:30.757   581   602 D CompatChangeReporter: Compat change id reported: 296060945; UID 10143; state: ENABLED
05-26 19:07:31.984  5086  5086 I dex2oat64: Using CollectorTypeCMC GC.
05-26 19:07:32.166  5086  5086 I dex2oat64: Large app, accepted running with swap.
05-26 19:07:32.283   800   800 I wpa_supplicant: wlan0: CTRL-EVENT-BEACON-LOSS 
05-26 19:07:32.448  1084  1782 I ChimeraSrvcProxy: NullBinder for android.net.action.RECOMMEND_NETWORKS triggering remote TransactionTooLargeException due to Service without Chimera impl
05-26 19:07:32.448  1084  1782 W .gms.persistent: Large reply transaction of 1056768 bytes, interface descriptor , code 1
05-26 19:07:32.451  1264  1582 I BugleRcsEngine: Connected state: [1], networkType: [WIFI] [CONTEXT thread_id=57 ]
05-26 19:07:32.452  1264  1878 I BugleRcsEngine: handleMessage processing message:[NOTIFY_UPTIME_IGNORE_STATE_CHANGED] with [non-null]:RcsEngineImpl reference [CONTEXT log_prefix="RcsEngineImpl[DUAL_REG]:[f61310d2-7d3b]>Handler" thread_id=62 ]
05-26 19:07:32.453   581  1790 D CompatChangeReporter: Compat change id reported: 297989574; UID 10137; state: ENABLED
05-26 19:07:32.472   581   728 W IPCThreadState: Sending oneway calls to frozen process.
05-26 19:07:32.473   581   728 W IPCThreadState: Sending oneway calls to frozen process.
05-26 19:07:32.474   581   728 W IPCThreadState: Sending oneway calls to frozen process.
05-26 19:07:32.475   581   728 W IPCThreadState: Sending oneway calls to frozen process.
05-26 19:07:32.476   581   728 W IPCThreadState: Sending oneway calls to frozen process.
05-26 19:07:32.477  1264  1878 I BugleRcsEngine: No RCS Configuration was found in Bugle for simID: redacted-pii:sim_id[chars:20,last3:897] [CONTEXT log_prefix="ProvisioningEngineDataRetriever" thread_id=62 ]
05-26 19:07:32.477   581   728 W IPCThreadState: Sending oneway calls to frozen process.
05-26 19:07:35.490  5086  5086 W dex2oat64: Verification of java.lang.Long X.08Q.A0C(int) took 218.572ms (156039.90 bytecodes/s) (1086552B approximate peak alloc)
05-26 19:07:36.834   813   898 D EGL_emulation: app_time_stats: avg=36789.99ms min=36789.99ms max=36789.99ms count=1
05-26 19:07:38.357  1243  1887 I BistoHotwordHelper: (REDACTED) getHotwordActive::active query: %s, watch: %s, devices connected: %s
05-26 19:07:39.026   581   672 D ActivityManager: freezing 1410 com.google.android.gms
05-26 19:07:39.027   581   672 D ActivityManager: freezing 4995 android.process.acore
05-26 19:07:39.202   581   728 D InetDiagMessage: Destroyed 0 sockets, proto=IPPROTO_TCP, family=AF_INET, states=14
05-26 19:07:39.203   581   728 D InetDiagMessage: Destroyed 0 sockets, proto=IPPROTO_TCP, family=AF_INET6, states=14
05-26 19:07:39.203   581   728 D InetDiagMessage: Destroyed live tcp sockets for uids={10091} in 1ms
05-26 19:07:40.171  5086  5088 W dex2oat64: Accessing hidden method Landroid/os/PowerWhitelistManager;->isWhitelisted(Ljava/lang/String;Z)Z (blocked, linking, denied)
05-26 19:07:40.209   800   800 I wpa_supplicant: wlan0: CTRL-EVENT-BEACON-LOSS 
05-26 19:07:41.286  5086  5086 W dex2oat64: Accessing hidden method Landroid/text/StaticLayout;-><init>(Ljava/lang/CharSequence;IILandroid/text/TextPaint;ILandroid/text/Layout$Alignment;Landroid/text/TextDirectionHeuristic;FFZLandroid/text/TextUtils$TruncateAt;II)V (max-target-p, linking, denied)
05-26 19:07:41.286  5086  5086 W dex2oat64: Accessing hidden method Landroid/text/StaticLayout;-><init>(Ljava/lang/CharSequence;IILandroid/text/TextPaint;ILandroid/text/Layout$Alignment;Landroid/text/TextDirectionHeuristic;FFZLandroid/text/TextUtils$TruncateAt;II)V (max-target-p, linking, denied)
05-26 19:07:41.483  1084  1782 I ChimeraSrvcProxy: NullBinder for android.net.action.RECOMMEND_NETWORKS triggering remote TransactionTooLargeException due to Service without Chimera impl
05-26 19:07:41.483  1084  1782 W .gms.persistent: Large reply transaction of 1056768 bytes, interface descriptor , code 1
05-26 19:07:41.485  1264  1878 I BugleRcsEngine: handleMessage processing message:[NOTIFY_UPTIME_IGNORE_STATE_CHANGED] with [non-null]:RcsEngineImpl reference [CONTEXT log_prefix="RcsEngineImpl[DUAL_REG]:[f61310d2-7d3b]>Handler" thread_id=62 ]
05-26 19:07:41.486  1264  1582 I BugleRcsEngine: Connected state: [1], networkType: [WIFI] [CONTEXT thread_id=57 ]
05-26 19:07:41.486   581   728 W IPCThreadState: Sending oneway calls to frozen process.
05-26 19:07:41.487   581   728 W IPCThreadState: Sending oneway calls to frozen process.
05-26 19:07:41.487   581   728 W IPCThreadState: Sending oneway calls to frozen process.
05-26 19:07:41.488   581   728 W IPCThreadState: Sending oneway calls to frozen process.
05-26 19:07:41.488   581   728 W IPCThreadState: Sending oneway calls to frozen process.
05-26 19:07:41.488   581   728 W IPCThreadState: Sending oneway calls to frozen process.
05-26 19:07:41.488   581   728 W IPCThreadState: Sending oneway calls to frozen process.
05-26 19:07:41.489   581   728 W IPCThreadState: Sending oneway calls to frozen process.
05-26 19:07:41.489   581   728 W IPCThreadState: Sending oneway calls to frozen process.
05-26 19:07:41.507  1264  1878 I BugleRcsEngine: No RCS Configuration was found in Bugle for simID: redacted-pii:sim_id[chars:20,last3:897] [CONTEXT log_prefix="ProvisioningEngineDataRetriever" thread_id=62 ]
05-26 19:07:42.191  5086  5088 W dex2oat64: Accessing hidden method Ldalvik/system/VMDebug;->countInstancesOfClasses([Ljava/lang/Class;Z)[J (max-target-o,core-platform-api, linking, denied)
05-26 19:07:42.301  5086  5088 W dex2oat64: Accessing hidden method Llibcore/io/Os;->fstat(Ljava/io/FileDescriptor;)Landroid/system/StructStat; (blocked, linking, denied)
05-26 19:07:43.932  5086  5086 I dex2oat64: dex2oat took 14.197s (20.672s cpu) (threads: 2) arena alloc=0B (0B) java alloc=73MB (76830448B) native alloc=15MB (16249280B) free=1578KB (1616368B) swap=16MB (16777216B)
05-26 19:07:43.961  5081  5083 I artd    : dex2oat returned code 0
05-26 19:07:43.988   581   637 I ArtService: Dexopt result: [packageName = com.whatsapp] DexContainerFileDexoptResult{dexContainerFile=/data/app/~~CC1of49im3gWGB8c4swVUA==/com.whatsapp-y30uFyf5-EVMw-NIvdyClQ==/base.apk, primaryAbi=true, abi=x86_64, actualCompilerFilter=verify, status=PERFORMED, dex2oatWallTimeMillis=14313, dex2oatCpuTimeMillis=20730, sizeBytes=68609792, sizeBeforeBytes=0, extendedStatusFlags=[]}
05-26 19:07:44.000   581   637 D ActivityManager: sync unfroze 1410 com.google.android.gms for 10
05-26 19:07:44.001   581   637 D ActivityManager: sync unfroze 4588 com.google.android.gms.unstable for 10
05-26 19:07:44.035   581   637 I AppsFilter: interaction: PackageSetting{4485f43 com.android.microdroid.empty_payload/10199} -> PackageSetting{2f75612 com.whatsapp/10213} BLOCKED
05-26 19:07:44.041   581  3284 D CompatChangeReporter: Compat change id reported: 261072174; UID 10145; state: ENABLED
05-26 19:07:44.050  1410  1410 I IntentFilterVerRcvr: S+ domain verification enabled [CONTEXT service_id=244 ]
05-26 19:07:44.069  1410  5094 I AppLinksIntentOperation: Verifying requested domains [CONTEXT service_id=244 ]
05-26 19:07:44.078   581  1790 D CompatChangeReporter: Compat change id reported: 261072174; UID 10143; state: ENABLED
05-26 19:07:44.101  1410  5094 I AppLinksRequestHandler: Processing 1 input requests [CONTEXT service_id=244 ]
05-26 19:07:44.117   581   637 I ActivityManager: Force stopping com.whatsapp appid=10213 user=0: pkg removed
05-26 19:07:44.120   581   637 W IPCThreadState: Sending oneway calls to frozen process.
05-26 19:07:44.120   581   637 W IPCThreadState: Sending oneway calls to frozen process.
05-26 19:07:44.120   581   637 W IPCThreadState: Sending oneway calls to frozen process.
05-26 19:07:44.120   581   637 W IPCThreadState: Sending oneway calls to frozen process.
05-26 19:07:44.121   581   637 W IPCThreadState: Sending oneway calls to frozen process.
05-26 19:07:44.125   581   637 W IPCThreadState: Sending oneway calls to frozen process.
05-26 19:07:44.125   581   637 W IPCThreadState: Sending oneway calls to frozen process.
05-26 19:07:44.126   581   637 W IPCThreadState: Sending oneway calls to frozen process.
05-26 19:07:44.126   581   637 W IPCThreadState: Sending oneway calls to frozen process.
05-26 19:07:44.126   581   637 W IPCThreadState: Sending oneway calls to frozen process.
05-26 19:07:44.135  1410  5094 I AppLinksUtilsV1: Legacy cross-profile verification enabled [CONTEXT service_id=244 ]
05-26 19:07:44.137   581   637 W IPCThreadState: Sending oneway calls to frozen process.
05-26 19:07:44.138   581   637 W IPCThreadState: Sending oneway calls to frozen process.
05-26 19:07:44.138   581   637 W IPCThreadState: Sending oneway calls to frozen process.
05-26 19:07:44.138   581   637 W IPCThreadState: Sending oneway calls to frozen process.
05-26 19:07:44.271  1410  1583 E gclu    : *~*~*~ Previous channel {0} was garbage collected without being shut down! ~*~*~*
05-26 19:07:44.271  1410  1583 E gclu    :     Make sure to call shutdown()/shutdownNow()
05-26 19:07:44.271  1410  1583 E gclu    : java.lang.RuntimeException: ManagedChannel allocation site
05-26 19:07:44.271  1410  1583 E gclu    : 	at gclt.<init>(:com.google.android.gms@242335041@24.23.35 (190800-646585959):21)
05-26 19:07:44.271  1410  1583 E gclu    : 	at gclu.<init>(:com.google.android.gms@242335041@24.23.35 (190800-646585959):10)
05-26 19:07:44.271  1410  1583 E gclu    : 	at gcls.a(:com.google.android.gms@242335041@24.23.35 (190800-646585959):244)
05-26 19:07:44.271  1410  1583 E gclu    : 	at gbvj.a(:com.google.android.gms@242335041@24.23.35 (190800-646585959):5)
05-26 19:07:44.271  1410  1583 E gclu    : 	at ewrn.a(:com.google.android.gms@242335041@24.23.35 (190800-646585959):173)
05-26 19:07:44.271  1410  1583 E gclu    : 	at emsu.a(:com.google.android.gms@242335041@24.23.35 (190800-646585959):13)
05-26 19:07:44.271  1410  1583 E gclu    : 	at etzu.a(:com.google.android.gms@242335041@24.23.35 (190800-646585959):3)
05-26 19:07:44.271  1410  1583 E gclu    : 	at etyv.run(:com.google.android.gms@242335041@24.23.35 (190800-646585959):21)
05-26 19:07:44.271  1410  1583 E gclu    : 	at etzw.run(:com.google.android.gms@242335041@24.23.35 (190800-646585959):5)
05-26 19:07:44.271  1410  1583 E gclu    : 	at angs.c(:com.google.android.gms@242335041@24.23.35 (190800-646585959):50)
05-26 19:07:44.271  1410  1583 E gclu    : 	at angs.run(:com.google.android.gms@242335041@24.23.35 (190800-646585959):76)
05-26 19:07:44.271  1410  1583 E gclu    : 	at java.util.concurrent.ThreadPoolExecutor.runWorker(ThreadPoolExecutor.java:1145)
05-26 19:07:44.271  1410  1583 E gclu    : 	at java.util.concurrent.ThreadPoolExecutor$Worker.run(ThreadPoolExecutor.java:644)
05-26 19:07:44.271  1410  1583 E gclu    : 	at anmg.run(:com.google.android.gms@242335041@24.23.35 (190800-646585959):8)
05-26 19:07:44.271  1410  1583 E gclu    : 	at java.lang.Thread.run(Thread.java:1012)
05-26 19:07:44.278  1410  1583 W DataCollectionRegistryC: missing CollectionDefinition for digitalassetlinks.googleapis.com/google.digitalassetlinks.v1.AssetLinks/Check
05-26 19:07:44.278   382  5097 I resolv  : GetAddrInfoHandler::run: {101 786533 101 983141 10143 0}
05-26 19:07:44.284   382  5098 I resolv  : res_nmkquery: (QUERY, IN, AAAA)
05-26 19:07:44.284   382  5099 I resolv  : res_nmkquery: (QUERY, IN, A)
05-26 19:07:44.286   581   774 D ShortcutService: received package broadcast intent: Intent { act=android.intent.action.PACKAGE_REMOVED dat=package: flg=0x4000010 (has extras) }
05-26 19:07:44.286   581   734 D CompatChangeReporter: Compat change id reported: 297989574; UID 1000; state: ENABLED
05-26 19:07:44.293   581   734 E AppOps  : attributionTag VCN not declared in manifest of android
05-26 19:07:44.295   581   754 I AppWidgetServiceImpl: Received broadcast: android.intent.action.PACKAGE_REMOVED on user 0
05-26 19:07:44.340   943   943 E SmsApplication: com.google.android.apps.messaging lost android:read_cell_broadcasts:  (fixing)
05-26 19:07:44.370   581   734 E AppOps  : attributionTag VCN not declared in manifest of android
05-26 19:07:44.378   581   754 I AppWidgetServiceImpl: Received broadcast: android.intent.action.PACKAGE_ADDED on user 0
05-26 19:07:44.379   581   754 D AppWidgetServiceImpl: Trying to notify widget providers changed
05-26 19:07:44.386   581   581 D ActivityManager: sync unfroze 4970 com.android.settings for 10
05-26 19:07:44.392   581   581 D CompatChangeReporter: Compat change id reported: 151861875; UID 1000; state: ENABLED
05-26 19:07:44.412   382  5099 I resolv  : res_nsend: used send_dg 114 terrno: 0
05-26 19:07:44.413   382  5099 I resolv  : doQuery: rcode=0, ancount=4, return value=114
05-26 19:07:44.420   581   774 D ShortcutService: received package broadcast intent: Intent { act=android.intent.action.PACKAGE_ADDED dat=package: flg=0x4000010 (has extras) }
05-26 19:07:44.420   581   774 D ShortcutService: replacing package: com.whatsapp userId0
05-26 19:07:44.421   581   774 D ShortcutService: handlePackageUpdateFinished: com.whatsapp user=0
05-26 19:07:44.425   581   774 D ShortcutService: rescanPackageIfNeeded 0@com.whatsapp, forceRescan=true , isNewApp=false
05-26 19:07:44.426   382  5098 I resolv  : res_nsend: used send_dg 162 terrno: 0
05-26 19:07:44.426   382  5098 I resolv  : doQuery: rcode=0, ancount=4, return value=162
05-26 19:07:44.437   581   774 D ShortcutService: Package com.whatsapp has 0 manifest shortcut(s), and 2 share target(s)
05-26 19:07:44.437   581   774 D ShortcutService: Package com.whatsapp updated, version 260707404 -> 260707404
05-26 19:07:44.437   383   383 D Zygote  : Forked child process 5103
05-26 19:07:44.467  1410  3267 D TrafficStats: tagSocket(191) with statsTag=0x20002500, statsUid=-1
05-26 19:07:44.482   581  1546 I AppWidgetServiceImpl: getInstalledProvidersForProfiles() 0
05-26 19:07:44.493   581   602 W Looper  : Slow dispatch took 117ms android.fg h=android.os.Handler c=com.android.server.am.SameProcessApplicationThread$$ExternalSyntheticLambda1@4797dc3 m=0
05-26 19:07:44.505   581   581 W Looper  : Slow dispatch took 100ms main h=android.app.ActivityThread$H c=android.app.LoadedApk$ReceiverDispatcher$Args$$ExternalSyntheticLambda0@17c46be m=0
05-26 19:07:44.512   581   637 W IPCThreadState: Sending oneway calls to frozen process.
05-26 19:07:44.513   581   637 W IPCThreadState: Sending oneway calls to frozen process.
05-26 19:07:44.513   581   637 W IPCThreadState: Sending oneway calls to frozen process.
05-26 19:07:44.513   581   637 W IPCThreadState: Sending oneway calls to frozen process.
05-26 19:07:44.513   581   637 W IPCThreadState: Sending oneway calls to frozen process.
05-26 19:07:44.513   581   637 W IPCThreadState: Sending oneway calls to frozen process.
05-26 19:07:44.513   581   637 W IPCThreadState: Sending oneway calls to frozen process.
05-26 19:07:44.513   581   637 W IPCThreadState: Sending oneway calls to frozen process.
05-26 19:07:44.513   581   637 W IPCThreadState: Sending oneway calls to frozen process.
05-26 19:07:44.513   581   637 W IPCThreadState: Sending oneway calls to frozen process.
05-26 19:07:44.513   581   637 W IPCThreadState: Sending oneway calls to frozen process.
05-26 19:07:44.514   581   637 W IPCThreadState: Sending oneway calls to frozen process.
05-26 19:07:44.514   581   637 W IPCThreadState: Sending oneway calls to frozen process.
05-26 19:07:44.514  4588  4588 D ActivityThread: Package [com.whatsapp] reported as REPLACED, but missing application info. Assuming REMOVED.
05-26 19:07:44.518   813   813 D ActivityThread: Package [com.whatsapp] reported as REPLACED, but missing application info. Assuming REMOVED.
05-26 19:07:44.518   581  3284 W AppOpService: Ignored setUidMode call for runtime permission app op: uid = 10137, code = READ_CELL_BROADCASTS, mode = allow, callingUid = 1001, oldMode = allow
05-26 19:07:44.519  1084  1084 D ActivityThread: Package [com.whatsapp] reported as REPLACED, but missing application info. Assuming REMOVED.
05-26 19:07:44.519  1410  1410 D ActivityThread: Package [com.whatsapp] reported as REPLACED, but missing application info. Assuming REMOVED.
05-26 19:07:44.522  4970  4970 D ActivityThread: Package [com.whatsapp] reported as REPLACED, but missing application info. Assuming REMOVED.
05-26 19:07:44.522  1020  1020 D ActivityThread: Package [com.whatsapp] reported as REPLACED, but missing application info. Assuming REMOVED.
05-26 19:07:44.523  4907  4907 D ActivityThread: Package [com.whatsapp] reported as REPLACED, but missing application info. Assuming REMOVED.
05-26 19:07:44.525  1145  1145 D ActivityThread: Package [com.whatsapp] reported as REPLACED, but missing application info. Assuming REMOVED.
05-26 19:07:44.527  1222  1222 D ActivityThread: Package [com.whatsapp] reported as REPLACED, but missing application info. Assuming REMOVED.
05-26 19:07:44.536  1410  1441 I gle.android.gms: Background concurrent mark compact GC freed 1900KB AllocSpace bytes, 6(412KB) LOS objects, 49% free, 15MB/31MB, paused 735us,1.138ms total 370.473ms
05-26 19:07:44.543   884   884 D ActivityThread: Package [com.whatsapp] reported as REPLACED, but missing application info. Assuming REMOVED.
05-26 19:07:44.558  5103  5103 I ndroid.keychain: Using CollectorTypeCMC GC.
05-26 19:07:44.561  1264  1264 D ActivityThread: Package [com.whatsapp] reported as REPLACED, but missing application info. Assuming REMOVED.
05-26 19:07:44.563  5103  5103 W ndroid.keychain: Unexpected CPU variant for x86: x86_64.
05-26 19:07:44.563  5103  5103 W ndroid.keychain: Known variants: atom, sandybridge, silvermont, goldmont, goldmont-plus, goldmont-without-sha-xsaves, tremont, kabylake, default
05-26 19:07:44.565   581   602 W Looper  : Slow delivery took 202ms android.fg h=android.os.Handler c=com.android.internal.content.PackageMonitor$$ExternalSyntheticLambda0@605eb1 m=0
05-26 19:07:44.566   581   782 I SdkSandboxManager: No SDKs used. Skipping SDK data reconcilation for CallingInfo{mUid=10213, mPackageName='com.whatsapp, mAppProcessToken='null'}
05-26 19:07:44.574  1205  1205 D ActivityThread: Package [com.whatsapp] reported as REPLACED, but missing application info. Assuming REMOVED.
05-26 19:07:44.575  1243  1243 D ActivityThread: Package [com.whatsapp] reported as REPLACED, but missing application info. Assuming REMOVED.
05-26 19:07:44.583  5103  5103 E ndroid.keychain: Not starting debugger since process cannot load the jdwp agent.
05-26 19:07:44.587  5103  5103 D nativeloader: Load libframework-connectivity-tiramisu-jni.so using APEX ns com_android_tethering for caller /apex/com.android.tethering/javalib/framework-connectivity-t.jar: ok
05-26 19:07:44.589   581  1790 W ParceledListSlice: Element #24 is 19828 bytes.
05-26 19:07:44.589   581  1790 W ParceledListSlice: Element #25 is 19864 bytes.
05-26 19:07:44.590   581  1790 W ParceledListSlice: Element #26 is 19708 bytes.
05-26 19:07:44.603   581  3284 W ParceledListSlice: Element #27 is 19616 bytes.
05-26 19:07:44.604   581  3284 W ParceledListSlice: Element #28 is 19728 bytes.
05-26 19:07:44.607   581   612 D ActivityManager: sync unfroze 1336 com.google.android.permissioncontroller for 3
05-26 19:07:44.611  1336  1336 D ActivityThread: Package [com.whatsapp] reported as REPLACED, but missing application info. Assuming REMOVED.
05-26 19:07:44.626   581   637 D PackageInstallerSession: Marking session 2134339297 as applied
05-26 19:07:44.635   581   613 W ActivityManager: Slow operation: 243ms so far, now at startProcess: done updating battery stats
05-26 19:07:44.637   581   613 W ActivityManager: Slow operation: 245ms so far, now at startProcess: building log message
05-26 19:07:44.637   581   613 I ActivityManager: Start proc 5103:com.android.keychain/1000 for service {com.android.keychain/com.android.keychain.KeyChainService}
05-26 19:07:44.637   581   613 W ActivityManager: Slow operation: 246ms so far, now at startProcess: starting to update pids map
05-26 19:07:44.642   581   613 W ActivityManager: Slow operation: 250ms so far, now at startProcess: done updating pids map
05-26 19:07:44.644   943   943 E CellBroadcastUtils: getDefaultCellBroadcastReceiverPackageName: no package found
05-26 19:07:44.649   581   581 I Telecom : CarModeTracker: Package com.whatsapp is not tracked.: SSH.oR@AQE🔒
05-26 19:07:44.649   581   782 I SdkSandboxManager: No SDKs used. Skipping SDK data reconcilation for CallingInfo{mUid=10213, mPackageName='com.whatsapp, mAppProcessToken='null'}
05-26 19:07:44.649   581  1546 W AppOpService: Ignored setUidMode call for runtime permission app op: uid = 1001, code = READ_SMS, mode = allow, callingUid = 1001, oldMode = allow
05-26 19:07:44.650   581  1546 W AppOpService: Ignored setUidMode call for runtime permission app op: uid = 1001, code = RECEIVE_SMS, mode = allow, callingUid = 1001, oldMode = allow
05-26 19:07:44.650   581  1546 W AppOpService: Ignored setUidMode call for runtime permission app op: uid = 1001, code = RECEIVE_WAP_PUSH, mode = allow, callingUid = 1001, oldMode = allow
05-26 19:07:44.651   581  1546 W AppOpService: Ignored setUidMode call for runtime permission app op: uid = 1001, code = SEND_SMS, mode = allow, callingUid = 1001, oldMode = allow
05-26 19:07:44.653   581   734 E AppOps  : attributionTag VCN not declared in manifest of android
05-26 19:07:44.654   581  1546 W AppOpService: Ignored setUidMode call for runtime permission app op: uid = 1001, code = READ_CELL_BROADCASTS, mode = allow, callingUid = 1001, oldMode = allow
05-26 19:07:44.656   382   469 I netd    : tetherGetStats() -> {[]} <3.90ms>
05-26 19:07:44.665   581   700 W PackageConfigPersister: App-specific configuration not found for packageName: com.whatsapp and userId: 0
05-26 19:07:44.671  1020  1069 W PackageManager: Failure retrieving text 0x7f130786 in package com.android.systemui
05-26 19:07:44.671  1020  1069 W PackageManager: android.content.res.Resources$NotFoundException: String resource ID #0x7f130786
05-26 19:07:44.671  1020  1069 W PackageManager: 	at android.content.res.Resources.getText(Resources.java:466)
05-26 19:07:44.671  1020  1069 W PackageManager: 	at android.app.ApplicationPackageManager.getText(ApplicationPackageManager.java:2405)
05-26 19:07:44.671  1020  1069 W PackageManager: 	at android.appwidget.AppWidgetProviderInfo.loadDescription(AppWidgetProviderInfo.java:484)
05-26 19:07:44.671  1020  1069 W PackageManager: 	at com.android.launcher3.model.WidgetItem.<init>(go/retraceme 31f9979659277bb965985aff1272c33e3c3c9e755b77166d20a2465454178f2c:4)
05-26 19:07:44.671  1020  1069 W PackageManager: 	at com.android.launcher3.model.WidgetsModel.update(go/retraceme 31f9979659277bb965985aff1272c33e3c3c9e755b77166d20a2465454178f2c:72)
05-26 19:07:44.671  1020  1069 W PackageManager: 	at com.android.launcher3.p0.execute(go/retraceme 31f9979659277bb965985aff1272c33e3c3c9e755b77166d20a2465454178f2c:16)
05-26 19:07:44.671  1020  1069 W PackageManager: 	at com.android.launcher3.LauncherModel.a(go/retraceme 31f9979659277bb965985aff1272c33e3c3c9e755b77166d20a2465454178f2c:27)
05-26 19:07:44.671  1020  1069 W PackageManager: 	at com.android.launcher3.t0.run(go/retraceme 31f9979659277bb965985aff1272c33e3c3c9e755b77166d20a2465454178f2c:12)
05-26 19:07:44.671  1020  1069 W PackageManager: 	at android.os.Handler.handleCallback(Handler.java:959)
05-26 19:07:44.671  1020  1069 W PackageManager: 	at android.os.Handler.dispatchMessage(Handler.java:100)
05-26 19:07:44.671  1020  1069 W PackageManager: 	at android.os.Looper.loopOnce(Looper.java:232)
05-26 19:07:44.671  1020  1069 W PackageManager: 	at android.os.Looper.loop(Looper.java:317)
05-26 19:07:44.671  1020  1069 W PackageManager: 	at android.os.HandlerThread.run(HandlerThread.java:85)
05-26 19:07:44.674   581   598 I AppWidgetServiceImpl: getWidgetPreview() 0
05-26 19:07:44.679   581  3284 I AppWidgetServiceImpl: getWidgetPreview() 0
