05-26 19:07:53.518   581  4707 D ConnectivityService: Returning UNBLOCKED NetworkInfo to uid=10213
05-26 19:07:53.524  1020  1020 D RecentsView: reset - mEnableDrawingLiveTile: false, mRecentsAnimationController: null
05-26 19:07:53.540   581  1546 D SearchUiPerUserService: Removing callback for session Id=com.google.android.apps.nexuslauncher:eb16505e-8caf-41d9-a06e-39a3b616dda0,0 and callback=android.os.BinderProxy@f19d1f1
05-26 19:07:53.585   581  1546 D SearchUiPerUserService: Removing all callbacks for session Id=com.google.android.apps.nexuslauncher:eb16505e-8caf-41d9-a06e-39a3b616dda0,0 and 0 callbacks.
05-26 19:07:53.635   581  4707 D ContentCapturePerUserService: finishSession(): no session with id879698192
05-26 19:07:53.636  5115  5235 D EGL_emulation: app_time_stats: avg=46.32ms min=6.10ms max=119.19ms count=16
05-26 19:07:53.678  5146  5217 I A       : (REDACTED) Assistant special experience changed to %s.
05-26 19:07:53.689  1410  1747 I Blockstore: [BlockstoreImpl] Snapshot enabled. updateAccessPerSnapshotIfEligible for package: com.whatsapp [CONTEXT service_id=258 ]
05-26 19:07:53.971  1020  1024 I s.nexuslauncher: Background concurrent mark compact GC freed 5503KB AllocSpace bytes, 13(1004KB) LOS objects, 49% free, 6829KB/13MB, paused 740us,281.489ms total 3.920s
05-26 19:07:53.985  1020  1020 W WindowOnBackDispatcher: sendCancelIfRunning: isInProgress=false callback=com.android.launcher3.uioverrides.QuickstepLauncher$2@ff22e8c
05-26 19:07:53.985  1020  1024 W s.nexuslauncher: Reducing the number of considered missed Gc histogram windows from 708 to 100
05-26 19:07:53.986   581  3284 D CoreBackPreview: Window{4a9f1a9 u0 com.google.android.apps.nexuslauncher/com.google.android.apps.nexuslauncher.NexusLauncherActivity}: Setting back callback null
05-26 19:07:53.999   581  3284 D CoreBackPreview: Window{4a9f1a9 u0 com.google.android.apps.nexuslauncher/com.google.android.apps.nexuslauncher.NexusLauncherActivity}: Setting back callback OnBackInvokedCallbackInfo{mCallback=android.window.IOnBackInvokedCallback$Stub$Proxy@39e1c2f, mPriority=-1, mIsAnimationCallback=false}
05-26 19:07:54.002   581  3284 D CoreBackPreview: Window{4a9f1a9 u0 com.google.android.apps.nexuslauncher/com.google.android.apps.nexuslauncher.NexusLauncherActivity}: Setting back callback OnBackInvokedCallbackInfo{mCallback=android.window.IOnBackInvokedCallback$Stub$Proxy@242823c, mPriority=0, mIsAnimationCallback=true}
05-26 19:07:54.076  5146  5151 I earchbox:search: Compiler allocated 4144KB to compile java.lang.Object com.google.android.apps.gsa.binaries.velvet.app.arq.a()
05-26 19:07:54.090  5115  5188 W SoLoader[NativeDeps]: Falling back to custom ELF parsing when loading libwhatsapp.so, this can be slow
05-26 19:07:54.093  1410  1583 I Blockstore: [DataStoreImpl] No block data associated with key com.google.android.gms.auth.blockstore.DEFAULT_BYTES_DATA_KEY for package com.whatsapp [CONTEXT service_id=258 ]
05-26 19:07:54.105  5146  5256 W ProductIdClientStreamz: (REDACTED) Product id mismatch (propagated: %s, static: %s, traffic tag: %s).
05-26 19:07:54.133  5115  5239 W SoLoader[NativeDeps]: Falling back to custom ELF parsing when loading libwhatsappmerged.so, this can be slow
05-26 19:07:54.225  5146  5214 I MicroModelsUtil: (REDACTED) #getHotwordModelFromMobstore [mobstoreUri: %s]
05-26 19:07:54.287  5146  5217 I WebViewFactory: Loading com.google.android.webview version 124.0.6367.219 (code 636771938)
05-26 19:07:54.300  5146  5217 V ResourcesManager: The following library key has been added: ResourcesKey{ mHash=1a957ad8 mResDir=null mSplitDirs=[] mOverlayDirs=[/product/overlay/NavigationBarModeGestural/NavigationBarModeGesturalOverlay.apk,/data/resource-cache/com.android.systemui-neutral-iyGG.frro,/data/resource-cache/com.android.systemui-accent-9g4H.frro,/data/resource-cache/com.android.systemui-dynamic-w5CN.frro] mLibDirs=[/data/app/~~EeTNMsVBYgTlmJZWEtA77g==/com.google.android.webview-TWG3B2IY1EJyXRO1Cw5dOg==/WebViewGoogle.apk,/data/app/~~2Wdszr8qv2dqg1Du0v2Fmw==/com.google.android.trichromelibrary_636771938-Mj_TgHlerCtGILbhpoafsw==/TrichromeLibrary.apk,/system_ext/framework/androidx.window.extensions.jar] mDisplayId=0 mOverrideConfig=v35 mCompatInfo={420dpi always-compat} mLoaders=[]}
05-26 19:07:54.300  5146  5256 I MicroDataManager: (REDACTED) MicroDataManager InitializationTask. googleHotwordData is null: true, hotwordModel is null: %b , sourceLocationOfCurrentHotwordModel %s
05-26 19:07:54.302  5146  5224 I A       : getLocaleToModelSpecsMap
05-26 19:07:54.302  5146  5224 I A       : Fetching latest config from MDD...
05-26 19:07:54.302  5146  5224 I A       : (REDACTED) Found map of size: %d
05-26 19:07:54.316  5115  5239 W SoLoader[NativeDeps]: Falling back to custom ELF parsing when loading libsimplejni.so, this can be slow
05-26 19:07:54.316  5115  5239 D nativeloader: Load /data/data/com.whatsapp/files/decompressed/libs.spo/libsimplejni.so using ns clns-7 from class loader (caller=/data/app/~~CC1of49im3gWGB8c4swVUA==/com.whatsapp-y30uFyf5-EVMw-NIvdyClQ==/base.apk): ok
05-26 19:07:54.331  5115  5188 W SoLoader[NativeDeps]: Falling back to custom ELF parsing when loading libpyspeech.so, this can be slow
05-26 19:07:54.312  5115  5115 W com.whatsapp: type=1400 audit(0.0:127): avc:  granted  { execute } for  comm=576861747341707020576F726B6572 path="/data/data/com.whatsapp/files/decompressed/libs.spo/libsimplejni.so" dev="dm-46" ino=361516 scontext=u:r:untrusted_app:s0:c213,c256,c512,c768 tcontext=u:object_r:app_data_file:s0:c213,c256,c512,c768 tclass=file app=com.whatsapp
05-26 19:07:54.373  5146  5224 I MicroDetectionState: (REDACTED) #takeChangeMicroDetectorMode [mIsBargeInEnabled: %b, mCurrentDetectionMode: %s]
05-26 19:07:54.373  5146  5224 I MicroDetectionState: (REDACTED) Should stop hotword detection immediately - %b
05-26 19:07:54.392  5146  5217 W ziparchive: Unable to open '/data/app/~~2Wdszr8qv2dqg1Du0v2Fmw==/com.google.android.trichromelibrary_636771938-Mj_TgHlerCtGILbhpoafsw==/TrichromeLibrary.dm': No such file or directory
05-26 19:07:54.392  5146  5217 W ziparchive: Unable to open '/data/app/~~2Wdszr8qv2dqg1Du0v2Fmw==/com.google.android.trichromelibrary_636771938-Mj_TgHlerCtGILbhpoafsw==/TrichromeLibrary.dm': No such file or directory
05-26 19:07:54.392  5146  5217 W earchbox:search: Entry not found
05-26 19:07:54.397  5146  5217 D nativeloader: Configuring clns-8 for other apk /data/app/~~2Wdszr8qv2dqg1Du0v2Fmw==/com.google.android.trichromelibrary_636771938-Mj_TgHlerCtGILbhpoafsw==/TrichromeLibrary.apk. target_sdk_version=34, uses_libraries=ALL, library_path=/data/app/~~EeTNMsVBYgTlmJZWEtA77g==/com.google.android.webview-TWG3B2IY1EJyXRO1Cw5dOg==/lib/x86_64:/data/app/~~EeTNMsVBYgTlmJZWEtA77g==/com.google.android.webview-TWG3B2IY1EJyXRO1Cw5dOg==/WebViewGoogle.apk!/lib/x86_64:/data/app/~~2Wdszr8qv2dqg1Du0v2Fmw==/com.google.android.trichromelibrary_636771938-Mj_TgHlerCtGILbhpoafsw==/TrichromeLibrary.apk!/lib/x86_64, permitted_path=/data:/mnt/expand
05-26 19:07:54.399  5146  5217 D ApplicationLoaders: Returning zygote-cached class loader: /system_ext/framework/androidx.window.extensions.jar
05-26 19:07:54.461  5146  5217 D nativeloader: Configuring clns-9 for other apk /data/app/~~EeTNMsVBYgTlmJZWEtA77g==/com.google.android.webview-TWG3B2IY1EJyXRO1Cw5dOg==/WebViewGoogle.apk. target_sdk_version=34, uses_libraries=, library_path=/data/app/~~EeTNMsVBYgTlmJZWEtA77g==/com.google.android.webview-TWG3B2IY1EJyXRO1Cw5dOg==/lib/x86_64:/data/app/~~EeTNMsVBYgTlmJZWEtA77g==/com.google.android.webview-TWG3B2IY1EJyXRO1Cw5dOg==/WebViewGoogle.apk!/lib/x86_64:/data/app/~~2Wdszr8qv2dqg1Du0v2Fmw==/com.google.android.trichromelibrary_636771938-Mj_TgHlerCtGILbhpoafsw==/TrichromeLibrary.apk!/lib/x86_64, permitted_path=/data:/mnt/expand
05-26 19:07:54.471  1410  1410 D BoundBrokerSvc: onBind: Intent { act=com.google.android.gms.auth.api.accounttransfer.service.START pkg=com.google.android.gms }
05-26 19:07:54.471  1410  1410 D BoundBrokerSvc: Loading bound service for intent: Intent { act=com.google.android.gms.auth.api.accounttransfer.service.START pkg=com.google.android.gms }
05-26 19:07:54.518  5115  5239 W SoLoader[NativeDeps]: Falling back to custom ELF parsing when loading libgraphutil.so, this can be slow
05-26 19:07:54.519  5115  5188 W SoLoader[NativeDeps]: Falling back to custom ELF parsing when loading libexecutorch.so, this can be slow
05-26 19:07:54.519  5115  5188 W SoLoader[NativeDeps]: Falling back to custom ELF parsing when loading libpytorch.so, this can be slow
05-26 19:07:54.520  5115  5188 W SoLoader[NativeDeps]: Falling back to custom ELF parsing when loading libar-bundle2.so, this can be slow
05-26 19:07:54.520  5115  5188 W SoLoader[NativeDeps]: Falling back to custom ELF parsing when loading libar-bundle3.so, this can be slow
05-26 19:07:54.596  5115  5239 D nativeloader: Load /data/data/com.whatsapp/files/decompressed/libs.spo/libgraphutil.so using ns clns-7 from class loader (caller=/data/app/~~CC1of49im3gWGB8c4swVUA==/com.whatsapp-y30uFyf5-EVMw-NIvdyClQ==/base.apk): ok
05-26 19:07:54.605  5115  5188 D nativeloader: Load /data/data/com.whatsapp/files/decompressed/libs.spo/libar-bundle3.so using ns clns-7 from class loader (caller=/data/app/~~CC1of49im3gWGB8c4swVUA==/com.whatsapp-y30uFyf5-EVMw-NIvdyClQ==/base.apk): ok
05-26 19:07:54.614  5115  5188 D nativeloader: Load /data/data/com.whatsapp/files/decompressed/libs.spo/libar-bundle2.so using ns clns-7 from class loader (caller=/data/app/~~CC1of49im3gWGB8c4swVUA==/com.whatsapp-y30uFyf5-EVMw-NIvdyClQ==/base.apk): ok
05-26 19:07:54.618  5115  5239 W SoLoader[NativeDeps]: Falling back to custom ELF parsing when loading libsmartglasses-bundle.so, this can be slow
05-26 19:07:54.592  5115  5115 W com.whatsapp: type=1400 audit(0.0:128): avc:  granted  { execute } for  comm=576861747341707020576F726B6572 path="/data/data/com.whatsapp/files/decompressed/libs.spo/libgraphutil.so" dev="dm-46" ino=361730 scontext=u:r:untrusted_app:s0:c213,c256,c512,c768 tcontext=u:object_r:app_data_file:s0:c213,c256,c512,c768 tclass=file app=com.whatsapp
05-26 19:07:54.639  5115  5235 D EGL_emulation: app_time_stats: avg=46.12ms min=15.02ms max=128.00ms count=20
05-26 19:07:54.604  5115  5115 W com.whatsapp: type=1400 audit(0.0:129): avc:  granted  { execute } for  comm=486967682050726920576F726B6572 path="/data/data/com.whatsapp/files/decompressed/libs.spo/libar-bundle3.so" dev="dm-46" ino=361638 scontext=u:r:untrusted_app:s0:c213,c256,c512,c768 tcontext=u:object_r:app_data_file:s0:c213,c256,c512,c768 tclass=file app=com.whatsapp
05-26 19:07:54.644  5115  5188 W SoLoader[NativeDeps]: Falling back to custom ELF parsing when loading libfortify.so, this can be slow
05-26 19:07:54.631     0     0 W audit   : audit_lost=40 audit_rate_limit=5 audit_backlog_limit=64
05-26 19:07:54.633     0     0 E audit   : rate limit exceeded
05-26 19:07:54.608  5115  5115 W com.whatsapp: type=1400 audit(0.0:130): avc:  granted  { execute } for  comm=486967682050726920576F726B6572 path="/data/data/com.whatsapp/files/decompressed/libs.spo/libar-bundle2.so" dev="dm-46" ino=361637 scontext=u:r:untrusted_app:s0:c213,c256,c512,c768 tcontext=u:object_r:app_data_file:s0:c213,c256,c512,c768 tclass=file app=com.whatsapp
05-26 19:07:54.650  5115  5188 D nativeloader: Load /data/data/com.whatsapp/files/decompressed/libs.spo/libfortify.so using ns clns-7 from class loader (caller=/data/app/~~CC1of49im3gWGB8c4swVUA==/com.whatsapp-y30uFyf5-EVMw-NIvdyClQ==/base.apk): ok
05-26 19:07:54.658  5115  5188 D nativeloader: Load /data/data/com.whatsapp/files/decompressed/libs.spo/libpytorch.so using ns clns-7 from class loader (caller=/data/app/~~CC1of49im3gWGB8c4swVUA==/com.whatsapp-y30uFyf5-EVMw-NIvdyClQ==/base.apk): ok
05-26 19:07:54.667  5115  5239 W SoLoader[NativeDeps]: Falling back to custom ELF parsing when loading libxplat_third-party_zstd__zstd.so, this can be slow
05-26 19:07:54.673  1020  1026 W s.nexuslauncher: ApkAssets: Deleting an ApkAssets object '<empty> and /system_ext/priv-app/SystemUIGoogle/SystemUIGoogle.apk' with 1 weak references
05-26 19:07:54.677  1020  1026 W s.nexuslauncher: ApkAssets: Deleting an ApkAssets object '/vendor/overlay/SystemUIGoogle__sdk_gphone64_x86_64__auto_generated_rro_vendor.apk' with 1 weak references
05-26 19:07:54.678  1020  1026 W s.nexuslauncher: ApkAssets: Deleting an ApkAssets object '/product/overlay/SystemUIGoogle__sdk_gphone64_x86_64__auto_generated_rro_product.apk' with 1 weak references
05-26 19:07:54.644  5115  5115 W com.whatsapp: type=1400 audit(0.0:131): avc:  granted  { execute } for  comm=486967682050726920576F726B6572 path="/data/data/com.whatsapp/files/decompressed/libs.spo/libfortify.so" dev="dm-46" ino=361518 scontext=u:r:untrusted_app:s0:c213,c256,c512,c768 tcontext=u:object_r:app_data_file:s0:c213,c256,c512,c768 tclass=file app=com.whatsapp
05-26 19:07:54.697  1020  1026 W s.nexuslauncher: ApkAssets: Deleting an ApkAssets object '<empty> and /product/app/Drive/Drive.apk' with 1 weak references
05-26 19:07:54.789  1020  1026 W s.nexuslauncher: ApkAssets: Deleting an ApkAssets object '<empty> and /product/app/Maps/Maps.apk' with 1 weak references
05-26 19:07:54.840  1020  1026 W s.nexuslauncher: ApkAssets: Deleting an ApkAssets object '<empty> and /product/app/Photos/Photos.apk' with 1 weak references
05-26 19:07:54.847  5115  5289 I PlayCore: UID: [10213]  PID: [5115] SplitInstallListenerRegistry : registerListener
05-26 19:07:54.848  5115  5188 D nativeloader: Load /data/data/com.whatsapp/files/decompressed/libs.spo/libexecutorch.so using ns clns-7 from class loader (caller=/data/app/~~CC1of49im3gWGB8c4swVUA==/com.whatsapp-y30uFyf5-EVMw-NIvdyClQ==/base.apk): ok
05-26 19:07:54.849  5115  5188 D nativeloader: Load /data/data/com.whatsapp/files/decompressed/libs.spo/libpyspeech.so using ns clns-7 from class loader (caller=/data/app/~~CC1of49im3gWGB8c4swVUA==/com.whatsapp-y30uFyf5-EVMw-NIvdyClQ==/base.apk): ok
05-26 19:07:54.850  5115  5239 D nativeloader: Load /data/data/com.whatsapp/files/decompressed/libs.spo/libxplat_third-party_zstd__zstd.so using ns clns-7 from class loader (caller=/data/app/~~CC1of49im3gWGB8c4swVUA==/com.whatsapp-y30uFyf5-EVMw-NIvdyClQ==/base.apk): ok
05-26 19:07:54.851  5115  5239 D nativeloader: Load /data/data/com.whatsapp/files/decompressed/libs.spo/libsmartglasses-bundle.so using ns clns-7 from class loader (caller=/data/app/~~CC1of49im3gWGB8c4swVUA==/com.whatsapp-y30uFyf5-EVMw-NIvdyClQ==/base.apk): ok
05-26 19:07:54.868  5115  5239 W SoLoader[NativeDeps]: Falling back to custom ELF parsing when loading libsodium.so, this can be slow
05-26 19:07:54.876  5115  5239 D nativeloader: Load /data/data/com.whatsapp/files/decompressed/libs.spo/libsodium.so using ns clns-7 from class loader (caller=/data/app/~~CC1of49im3gWGB8c4swVUA==/com.whatsapp-y30uFyf5-EVMw-NIvdyClQ==/base.apk): ok
05-26 19:07:54.876  5115  5239 W SoLoader[NativeDeps]: Falling back to custom ELF parsing when loading libnativeutil-jni.so, this can be slow
05-26 19:07:54.877  5115  5239 D nativeloader: Load /data/data/com.whatsapp/files/decompressed/libs.spo/libnativeutil-jni.so using ns clns-7 from class loader (caller=/data/app/~~CC1of49im3gWGB8c4swVUA==/com.whatsapp-y30uFyf5-EVMw-NIvdyClQ==/base.apk): ok
05-26 19:07:54.878  5115  5239 W SoLoader[NativeDeps]: Falling back to custom ELF parsing when loading libgraphstorecerealutil.so, this can be slow
05-26 19:07:54.878  5115  5239 D nativeloader: Load /data/data/com.whatsapp/files/decompressed/libs.spo/libgraphstorecerealutil.so using ns clns-7 from class loader (caller=/data/app/~~CC1of49im3gWGB8c4swVUA==/com.whatsapp-y30uFyf5-EVMw-NIvdyClQ==/base.apk): ok
05-26 19:07:54.906  5146  5217 I cr_WVCFactoryProvider: Loaded version=124.0.6367.219 minSdkVersion=29 isBundle=false multiprocess=true packageId=2
05-26 19:07:54.923  5115  5239 D nativeloader: Load /data/data/com.whatsapp/files/decompressed/libs.spo/libwhatsappmerged.so using ns clns-7 from class loader (caller=/data/app/~~CC1of49im3gWGB8c4swVUA==/com.whatsapp-y30uFyf5-EVMw-NIvdyClQ==/base.apk): ok
05-26 19:07:54.926   382  5308 I resolv  : GetAddrInfoHandler::run: {101 262245 101 983141 10213 0}
05-26 19:07:54.933   382  5309 I resolv  : res_nmkquery: (QUERY, IN, AAAA)
05-26 19:07:54.934   382  5310 I resolv  : res_nmkquery: (QUERY, IN, A)
05-26 19:07:54.942  5146  5217 D nativeloader: Load /data/app/~~2Wdszr8qv2dqg1Du0v2Fmw==/com.google.android.trichromelibrary_636771938-Mj_TgHlerCtGILbhpoafsw==/TrichromeLibrary.apk!/lib/x86_64/libmonochrome_64.so using ns clns-9 from class loader (caller=/data/app/~~EeTNMsVBYgTlmJZWEtA77g==/com.google.android.webview-TWG3B2IY1EJyXRO1Cw5dOg==/WebViewGoogle.apk): ok
05-26 19:07:54.983  5115  5188 D nativeloader: Load /data/data/com.whatsapp/files/decompressed/libs.spo/libwhatsapp.so using ns clns-7 from class loader (caller=/data/app/~~CC1of49im3gWGB8c4swVUA==/com.whatsapp-y30uFyf5-EVMw-NIvdyClQ==/base.apk): ok
05-26 19:07:55.010  1020  1026 W s.nexuslauncher: ApkAssets: Deleting an ApkAssets object '<empty> and /product/priv-app/WellbeingPrebuilt/WellbeingPrebuilt.apk' with 1 weak references
05-26 19:07:55.013  5146  5217 D nativeloader: Load /system/lib64/libwebviewchromium_plat_support.so using ns clns-9 from class loader (caller=/data/app/~~EeTNMsVBYgTlmJZWEtA77g==/com.google.android.webview-TWG3B2IY1EJyXRO1Cw5dOg==/WebViewGoogle.apk): ok
05-26 19:07:55.017  1020  1026 W s.nexuslauncher: ApkAssets: Deleting an ApkAssets object '<empty> and /product/app/YouTubeMusicPrebuilt/YouTubeMusicPrebuilt.apk' with 1 weak references
05-26 19:07:55.055  1410  3220 I ebvk$a  : Unable to retrieve flag snapshot for com.google.android.gms.auth_api_account_transfer, using defaults.
05-26 19:07:55.080   581  3284 D CompatChangeReporter: Compat change id reported: 154726397; UID 10143; state: ENABLED
05-26 19:07:55.090  1410  1748 W AccountTransfer: [RespPersistTableUtil]Reading for accountType:com.whatsapp found no rows
05-26 19:07:55.093  5146  5315 E chromium: [ERROR:variations_seed_loader.cc(37)] Seed missing signature.
05-26 19:07:55.098  5146  5315 I cr_VariationsUtils: Failed reading seed file "/data/user/0/com.google.android.googlequicksearchbox/app_webview/variations_seed_new"
05-26 19:07:55.104  5146  5315 I chromium: [INFO:variations_seed_loader.cc(66)] Failed to open file for reading.: No such file or directory (2)
05-26 19:07:55.105  5146  5315 I cr_VariationsUtils: Failed reading seed file "/data/user/0/com.google.android.googlequicksearchbox/app_webview/variations_seed"
05-26 19:07:55.107  5146  5315 I cr_VariationsUtils: Requesting new seed from IVariationsSeedServer
05-26 19:07:55.144   581  3284 V GrammaticalInflectionUtils: AttributionSource: AttributionSource { uid = 10151, packageName = null, attributionTag = null, token = android.os.Binder@2f06f02, deviceId = 0, next = null } does not have READ_SYSTEM_GRAMMATICAL_GENDER permission.
05-26 19:07:55.189   382  5310 I resolv  : res_nsend: used send_dg 103 terrno: 0
05-26 19:07:55.189   382  5310 I resolv  : doQuery: rcode=0, ancount=3, return value=103
05-26 19:07:55.191   382  5309 I resolv  : res_nsend: used send_dg 115 terrno: 0
05-26 19:07:55.191   382  5309 I resolv  : doQuery: rcode=0, ancount=3, return value=115
05-26 19:07:55.194  5146  5146 I cr_LibraryLoader: Successfully loaded native library
05-26 19:07:55.195  5146  5146 I cr_CachingUmaRecorder: Flushed 7 samples from 7 histograms, 0 samples were dropped.
05-26 19:07:55.220   382   469 I netd    : tetherGetStats() -> {[]} <31.53ms>
05-26 19:07:55.236   383   383 D Zygote  : Forked child process 5316
05-26 19:07:55.238  1020  1026 W s.nexuslauncher: ApkAssets: Deleting an ApkAssets object '<empty> and /product/app/CalendarGooglePrebuilt/CalendarGooglePrebuilt.apk' with 1 weak references
05-26 19:07:55.250  1020  1026 W s.nexuslauncher: ApkAssets: Deleting an ApkAssets object '<empty> and /product/app/GoogleContacts/GoogleContacts.apk' with 1 weak references
05-26 19:07:55.257  5115  5289 I SplitController: Setting embedding rules. Size: 4
05-26 19:07:55.264  5146  5146 I cr_CombinedPProvider: #registerProvider() provider:WV.V7@9672b9c isPolicyCacheEnabled:false policyProvidersSize:0
05-26 19:07:55.267  5146  5146 I cr_PolicyProvider: #setManagerAndSource() 0
05-26 19:07:55.297  5115  5320 I WhatsAppJni: EnsureThreadAttached: attached current thread to JVM
05-26 19:07:55.298  5115  5321 I WhatsAppJni: EnsureThreadAttached: attached current thread to JVM
05-26 19:07:55.299  5115  5322 I WhatsAppJni: EnsureThreadAttached: attached current thread to JVM
05-26 19:07:55.305  5115  5240 W com.whatsapp: Long monitor contention with owner High Pri Worker #2 (5188) at boolean com.whatsapp.infra.nativelibloader.WhatsAppLibLoader.BA7()(:75) waiters=0 in boolean com.whatsapp.infra.nativelibloader.WhatsAppLibLoader.BA7() for 4.467s
05-26 19:07:55.309  5115  5295 W com.whatsapp: Long monitor contention with owner High Pri Worker #2 (5188) at boolean com.whatsapp.infra.nativelibloader.WhatsAppLibLoader.BA7()(:75) waiters=1 in boolean com.whatsapp.infra.nativelibloader.WhatsAppLibLoader.BA7() for 1.530s
05-26 19:07:55.320  5306  5306 W BpBinder: Linking to death on android.gui.ISurfaceComposer but there are no threads (yet?) listening to incoming transactions. See ProcessState::startThreadPool and ProcessState::setThreadPoolMaxThreadCount. Generally you should setup the binder threadpool before other initialization steps.
05-26 19:07:55.324  5306  5306 W ProcessState: Extra binder thread started, but 0 threads requested. Do not use *startThreadPool when zero threads are requested.
05-26 19:07:55.331   581  3284 V GrammaticalInflectionUtils: AttributionSource: AttributionSource { uid = 99000, packageName = null, attributionTag = null, token = android.os.Binder@2f06f02, deviceId = 0, next = null } does not have READ_SYSTEM_GRAMMATICAL_GENDER permission.
05-26 19:07:55.323     0     0 I servicemanager: Caller(pid=5306,uid=2000,sid=u:r:shell:s0) Could not find android.hardware.graphics.allocator.IAllocator/default in the VINTF manifest. No alternative instances declared in VINTF.
05-26 19:07:55.345   172   172 I hwservicemanager: getTransport: Cannot find entry android.hardware.graphics.mapper@4.0::IMapper/default in either framework or device VINTF manifest.
05-26 19:07:55.348  5306  5325 I Gralloc4: mapper 4.x is not supported
05-26 19:07:55.361   581   613 W ActivityManager: Slow operation: 211ms so far, now at startProcess: returned from zygote!
05-26 19:07:55.361   581   613 W ActivityManager: Slow operation: 212ms so far, now at startProcess: done updating battery stats
05-26 19:07:55.362   581   613 W ActivityManager: Slow operation: 212ms so far, now at startProcess: building log message
05-26 19:07:55.362   581   613 I ActivityManager: Start proc 5316:com.google.android.webview:webview_service/u0a151 for service {com.google.android.webview/org.chromium.android_webview.services.VariationsSeedServer}
05-26 19:07:55.362   581   613 W ActivityManager: Slow operation: 212ms so far, now at startProcess: starting to update pids map
05-26 19:07:55.363   581   613 W ActivityManager: Slow operation: 213ms so far, now at startProcess: done updating pids map
05-26 19:07:55.475  5316  5316 I webview_service: Using CollectorTypeCMC GC.
05-26 19:07:55.497  5146  5146 I cr_CombinedPProvider: #linkNativeInternal() 1
05-26 19:07:55.498  5316  5316 W webview_service: Unexpected CPU variant for x86: x86_64.
05-26 19:07:55.498  5316  5316 W webview_service: Known variants: atom, sandybridge, silvermont, goldmont, goldmont-plus, goldmont-without-sha-xsaves, tremont, kabylake, default
05-26 19:07:55.500  5316  5316 E webview_service: Not starting debugger since process cannot load the jdwp agent.
05-26 19:07:55.511  5115  5239 D TrafficStats: tagSocket(132) with statsTag=0xffffffff, statsUid=-1
05-26 19:07:55.520  1020  1026 W s.nexuslauncher: ApkAssets: Deleting an ApkAssets object '<empty> and /product/app/PrebuiltDeskClockGoogle/PrebuiltDeskClockGoogle.apk' with 1 weak references
05-26 19:07:55.559  5316  5316 D nativeloader: Load libframework-connectivity-tiramisu-jni.so using APEX ns com_android_tethering for caller /apex/com.android.tethering/javalib/framework-connectivity-t.jar: ok
05-26 19:07:55.667  5146  5146 I cr_AppResProvider: #getApplicationRestrictionsFromUserManager() Bundle[EMPTY_PARCEL]
05-26 19:07:55.667  5146  5146 I cr_PolicyProvider: #notifySettingsAvailable() 0
05-26 19:07:55.667  5146  5146 I cr_CombinedPProvider: #onSettingsAvailable() 0
05-26 19:07:55.667  5146  5146 I cr_CombinedPProvider: #flushPolicies()
05-26 19:07:55.668  1020  1020 D AutofillManager: Fill dialog is enabled:false, hints=[password, passwordAuto, creditCardNumber, creditCardSecurityCode, creditCardExpirationDate]
05-26 19:07:55.670  1020  1020 D DeviceSearchAlg: search timeout = %d200
05-26 19:07:55.679  5115  5235 D EGL_emulation: app_time_stats: avg=68.08ms min=31.95ms max=126.67ms count=15
05-26 19:07:55.687  5115  5123 I com.whatsapp: Background concurrent mark compact GC freed 11MB AllocSpace bytes, 37(1616KB) LOS objects, 49% free, 8179KB/15MB, paused 812us,3.663ms total 622.838ms
05-26 19:07:55.698  1020  1026 W s.nexuslauncher: ApkAssets: Deleting an ApkAssets object '<empty> and /product/priv-app/Velvet/Velvet.apk' with 1 weak references
05-26 19:07:55.753  5146  5233 V ClearcutMetricXmitter: Transmission is done.
05-26 19:07:55.756  5146  5233 V ClearcutMetricXmitter: Transmission is done.
05-26 19:07:55.850  5316  5316 D CompatChangeReporter: Compat change id reported: 242716250; UID 10151; state: ENABLED
05-26 19:07:55.975   581   794 W Looper  : Drained
05-26 19:07:56.034  5316  5316 W ziparchive: Unable to open '/data/app/~~2Wdszr8qv2dqg1Du0v2Fmw==/com.google.android.trichromelibrary_636771938-Mj_TgHlerCtGILbhpoafsw==/TrichromeLibrary.dm': No such file or directory
05-26 19:07:56.034  5316  5316 W ziparchive: Unable to open '/data/app/~~2Wdszr8qv2dqg1Du0v2Fmw==/com.google.android.trichromelibrary_636771938-Mj_TgHlerCtGILbhpoafsw==/TrichromeLibrary.dm': No such file or directory
05-26 19:07:56.034  5316  5316 W webview_service: Entry not found
05-26 19:07:56.034  5316  5316 D nativeloader: Configuring clns-7 for other apk /data/app/~~2Wdszr8qv2dqg1Du0v2Fmw==/com.google.android.trichromelibrary_636771938-Mj_TgHlerCtGILbhpoafsw==/TrichromeLibrary.apk. target_sdk_version=34, uses_libraries=ALL, library_path=/data/app/~~EeTNMsVBYgTlmJZWEtA77g==/com.google.android.webview-TWG3B2IY1EJyXRO1Cw5dOg==/lib/x86_64:/data/app/~~EeTNMsVBYgTlmJZWEtA77g==/com.google.android.webview-TWG3B2IY1EJyXRO1Cw5dOg==/WebViewGoogle.apk!/lib/x86_64:/data/app/~~2Wdszr8qv2dqg1Du0v2Fmw==/com.google.android.trichromelibrary_636771938-Mj_TgHlerCtGILbhpoafsw==/TrichromeLibrary.apk!/lib/x86_64, permitted_path=/data:/mnt/expand:/data/user/0/com.google.android.webview
05-26 19:07:56.035  5316  5316 D ApplicationLoaders: Returning zygote-cached class loader: /system_ext/framework/androidx.window.extensions.jar
05-26 19:07:56.066  5316  5316 D nativeloader: Configuring clns-8 for other apk /data/app/~~EeTNMsVBYgTlmJZWEtA77g==/com.google.android.webview-TWG3B2IY1EJyXRO1Cw5dOg==/WebViewGoogle.apk. target_sdk_version=34, uses_libraries=, library_path=/data/app/~~EeTNMsVBYgTlmJZWEtA77g==/com.google.android.webview-TWG3B2IY1EJyXRO1Cw5dOg==/lib/x86_64:/data/app/~~EeTNMsVBYgTlmJZWEtA77g==/com.google.android.webview-TWG3B2IY1EJyXRO1Cw5dOg==/WebViewGoogle.apk!/lib/x86_64:/data/app/~~2Wdszr8qv2dqg1Du0v2Fmw==/com.google.android.trichromelibrary_636771938-Mj_TgHlerCtGILbhpoafsw==/TrichromeLibrary.apk!/lib/x86_64, permitted_path=/data:/mnt/expand:/data/user/0/com.google.android.webview
05-26 19:07:56.080   800   800 I wpa_supplicant: wlan0: CTRL-EVENT-BEACON-LOSS 
05-26 19:07:56.083  5316  5316 V GraphicsEnvironment: Currently set values for:
05-26 19:07:56.086  5316  5316 V GraphicsEnvironment:   angle_gl_driver_selection_pkgs=[]
05-26 19:07:56.086  5316  5316 V GraphicsEnvironment:   angle_gl_driver_selection_values=[]
05-26 19:07:56.086  5316  5316 V GraphicsEnvironment: Global.Settings values are invalid: number of packages: 0, number of values: 0
05-26 19:07:56.086  5316  5316 V GraphicsEnvironment: Neither updatable production driver nor prerelease driver is supported.
05-26 19:07:56.096  5316  5316 I LoadedApk: No resource references to update in package com.google.android.trichromelibrary
05-26 19:07:56.097  5316  5316 I cr_WebViewApkApp: Launched version=124.0.6367.219 minSdkVersion=29 isBundle=false processName=com.google.android.webview:webview_service
05-26 19:07:56.286  1020  1020 W PageIndicator: Total number of pages invalid: 0. Assuming 1 page.
05-26 19:07:56.286  1020  1020 W BcSmartspaceView: Current card is not present in the Adapter; cannot log.
05-26 19:07:56.342  1020  1026 W s.nexuslauncher: ApkAssets: Deleting an ApkAssets object '<empty> and /product/priv-app/SettingsIntelligenceGooglePrebuilt/SettingsIntelligenceGooglePrebuilt.apk' with 1 weak references
05-26 19:07:56.412     0     0 I logd    : logdr: UID=2000 GID=2000 PID=5350 n tail=0 logMask=99 pid=0 start=0ns deadline=0ns
05-26 19:07:56.511  1020  1026 W s.nexuslauncher: ApkAssets: Deleting an ApkAssets object '<empty> and /product/app/YouTube/YouTube.apk' with 1 weak references
05-26 19:07:56.597  1020  1020 I OverviewComponentObserver: updateOverviewTargets: mIsHomeDisabled=false, isDefaultHomeNull=false, mIsDefaultHome=true
05-26 19:07:56.598  1020  1020 D OverviewActionsView: updateActionButtonsVisibility() called: showSingleTaskActions = [true], showGroupActions = [false]
05-26 19:07:56.528     0     0 I logd    : start watching /data/system/packages.list ...
05-26 19:07:56.644  5115  5230 W com.whatsapp: Long monitor contention with owner WhatsApp Worker #3 (5240) at boolean X.0GL.A03(X.05f, X.00V, X.0H9, X.07C, X.0HA, X.0HC, java.lang.String, java.lang.String)(:232) waiters=0 in boolean X.0GL.A03(X.05f, X.00V, X.0H9, X.07C, X.0HA, X.0HC, java.lang.String, java.lang.String) for 5.700s
05-26 19:07:56.674  5115  5188 W com.whatsapp: Long monitor contention with owner WhatsApp Worker #3 (5240) at boolean X.0GL.A03(X.05f, X.00V, X.0H9, X.07C, X.0HA, X.0HC, java.lang.String, java.lang.String)(:232) waiters=1 in void X.0GL.A01() for 1.369s
05-26 19:07:56.681  5115  5289 W com.whatsapp: Long monitor contention with owner WhatsApp Worker #3 (5240) at boolean X.0GL.A03(X.05f, X.00V, X.0H9, X.07C, X.0HA, X.0HC, java.lang.String, java.lang.String)(:232) waiters=2 in boolean X.0GL.A03(X.05f, X.00V, X.0H9, X.07C, X.0HA, X.0HC, java.lang.String, java.lang.String) for 1.370s
05-26 19:07:56.711  5115  5235 D EGL_emulation: app_time_stats: avg=44.73ms min=3.75ms max=169.79ms count=18
05-26 19:07:56.677     0     0 I logd    : ReadPackageList, total packages: 217
05-26 19:07:56.713   581  1546 I AppWidgetServiceImpl: getInstalledProvidersForProfiles() 0
05-26 19:07:56.713   581  1546 I AppWidgetServiceImpl: notifyProviderInheritance() 0
05-26 19:07:56.719  1020  1026 W s.nexuslauncher: ApkAssets: Deleting an ApkAssets object '<empty> and /data/app/~~CC1of49im3gWGB8c4swVUA==/com.whatsapp-y30uFyf5-EVMw-NIvdyClQ==/base.apk' with 1 weak references
