05-26 19:07:44.708   581   581 I Telecom : InCallController: updateCarModeForConnections: car mode apps: : SSH.oR@AQE🔒
05-26 19:07:44.709   581   581 I Telecom : InCallController: update carmode current:UserHandle{0} parent:null: SSH.oR@AQE🔒
05-26 19:07:44.710   581   581 W Looper  : Slow dispatch took 205ms main h=android.app.ActivityThread$H c=android.app.LoadedApk$ReceiverDispatcher$Args$$ExternalSyntheticLambda0@b374934 m=0
05-26 19:07:44.720   581   728 W IPCThreadState: Sending oneway calls to frozen process.
05-26 19:07:44.737   581   774 D ShortcutService: Package com.whatsapp: publishing manifest shortcuts
05-26 19:07:44.741  1264  1582 I BugleRcsEngine: Connected state: [1], networkType: [WIFI] [CONTEXT thread_id=57 ]
05-26 19:07:44.742   581   728 W IPCThreadState: Sending oneway calls to frozen process.
05-26 19:07:44.742   581   728 W IPCThreadState: Sending oneway calls to frozen process.
05-26 19:07:44.742   581   728 W IPCThreadState: Sending oneway calls to frozen process.
05-26 19:07:44.742   581   728 W IPCThreadState: Sending oneway calls to frozen process.
05-26 19:07:44.742   581   728 W IPCThreadState: Sending oneway calls to frozen process.
05-26 19:07:44.793   581   612 V GrammaticalInflectionUtils: AttributionSource: AttributionSource { uid = 10213, packageName = null, attributionTag = null, token = android.os.Binder@2f06f02, deviceId = 0, next = null } does not have READ_SYSTEM_GRAMMATICAL_GENDER permission.
05-26 19:07:44.804  1336  1336 I SafetyLabelChangedBroadcastReceiver: received broadcast packageName: com.whatsapp, current user: UserHandle{0}, packageChangeEvent: UPDATE, intent user: UserHandle{0}
05-26 19:07:44.818   383   383 D Zygote  : Forked child process 5115
05-26 19:07:44.852  1205  1205 I MediaProvider: Invalidating LocalCallingIdentity cache for package com.whatsapp. Reason: package android.intent.action.PACKAGE_REMOVED
05-26 19:07:44.852   581   581 W Looper  : Slow delivery took 408ms main h=android.app.ActivityThread$H c=android.app.LoadedApk$ReceiverDispatcher$Args$$ExternalSyntheticLambda0@8d96764 m=0
05-26 19:07:44.864  1205  1205 W MediaProvider: WorkProfileOwnerApps cache is empty
05-26 19:07:44.868  1205  1205 D PickerSyncLockManager: Trying to acquire lock com.android.providers.media.photopicker.sync.CloseableReentrantLock@70561db[Unlocked]. Lock Name = CLOUD_PROVIDER_LOCK. Threads that may be waiting to acquire this lock = []
05-26 19:07:44.868  1205  1205 D CloseableReentrantLock: Successfully acquired lock com.android.providers.media.photopicker.sync.CloseableReentrantLock@70561db[Locked by thread main]. Lock Name = CLOUD_PROVIDER_LOCK. Threads that may be waiting to acquire this lock = []
05-26 19:07:44.868  1205  1205 D CloseableReentrantLock: Successfully released lock com.android.providers.media.photopicker.sync.CloseableReentrantLock@70561db[Unlocked]. Lock Name = CLOUD_PROVIDER_LOCK. Threads that may be waiting to acquire this lock = []
05-26 19:07:44.885  1264  1878 I BugleRcsEngine: handleMessage processing message:[NOTIFY_UPTIME_IGNORE_STATE_CHANGED] with [non-null]:RcsEngineImpl reference [CONTEXT log_prefix="RcsEngineImpl[DUAL_REG]:[f61310d2-7d3b]>Handler" thread_id=62 ]
05-26 19:07:44.905   813   813 D ControlsListingControllerImpl: ServiceConfig reloaded, count: 0
05-26 19:07:44.906   813   813 D ControlsListingControllerImpl: ServiceConfig reloaded, count: 0
05-26 19:07:44.910   813   813 D ControlsListingControllerImpl: ServiceConfig reloaded, count: 0
05-26 19:07:44.927   943   943 D CarrierSvcBindHelper: onPackageUpdateFinished: com.whatsapp
05-26 19:07:44.931  1410  3267 W Conscrypt: Could not set socket write timeout: java.net.SocketException: Socket closed
05-26 19:07:44.931  1410  3267 W Conscrypt: 	at com.google.android.gms.org.conscrypt.Platform.setSocketWriteTimeout(:com.google.android.gms@242335041@24.23.35 (190800-646585959):204)
05-26 19:07:44.931  1410  3267 W Conscrypt: 	at com.google.android.gms.org.conscrypt.ConscryptFileDescriptorSocket.setSoWriteTimeout(:com.google.android.gms@242335041@24.23.35 (190800-646585959):4)
05-26 19:07:44.939   943   943 D CarrierSvcBindHelper: No carrier app for: 0
05-26 19:07:44.939   943   943 D CarrierSvcBindHelper: onPackageModified: com.whatsapp
05-26 19:07:44.939   943   943 D CarrierSvcBindHelper: No carrier app for: 0
05-26 19:07:44.952   581   605 W system_server: Long monitor contention with owner android.imms2 (693) at boolean android.content.res.AssetManager.retrieveAttributes(android.content.res.XmlBlock$Parser, int[], int[], int[])(AssetManager.java:1270) waiters=0 in boolean android.content.res.AssetManager.isUpToDate() for 153ms
05-26 19:07:44.971  1084  1092 I ChimeraSrvcProxy: NullBinder for android.net.action.RECOMMEND_NETWORKS triggering remote TransactionTooLargeException due to Service without Chimera impl
05-26 19:07:44.979  1084  1092 W .gms.persistent: Large reply transaction of 1056768 bytes, interface descriptor , code 1
05-26 19:07:44.993   581   581 W Looper  : Slow dispatch took 141ms main h=android.app.ActivityThread$H c=android.app.LoadedApk$ReceiverDispatcher$Args$$ExternalSyntheticLambda0@c7bb193 m=0
05-26 19:07:45.012  5115  5115 I com.whatsapp: Using CollectorTypeCMC GC.
05-26 19:07:45.016  5115  5115 W com.whatsapp: Unexpected CPU variant for x86: x86_64.
05-26 19:07:45.016  5115  5115 W com.whatsapp: Known variants: atom, sandybridge, silvermont, goldmont, goldmont-plus, goldmont-without-sha-xsaves, tremont, kabylake, default
05-26 19:07:45.019  5115  5115 E com.whatsapp: Not starting debugger since process cannot load the jdwp agent.
05-26 19:07:45.025  5115  5115 D nativeloader: Load libframework-connectivity-tiramisu-jni.so using APEX ns com_android_tethering for caller /apex/com.android.tethering/javalib/framework-connectivity-t.jar: ok
05-26 19:07:45.064  1294  1294 D ActivityThread: Package [com.whatsapp] reported as REPLACED, but missing application info. Assuming REMOVED.
05-26 19:07:45.108   581   613 W system_server: Long monitor contention with owner ActivityManager (612) at void com.android.server.am.BroadcastQueueModernImpl.updateRunningList()(BroadcastQueueModernImpl.java:450) waiters=0 in void com.android.server.am.ProcessList.lambda$handleProcessStart$1(com.android.server.am.ProcessRecord, java.lang.String, int[], int, int, int, java.lang.String, java.lang.String, java.lang.String, long) for 283ms
05-26 19:07:45.109   581   613 W ActivityManager: Slow operation: 315ms so far, now at startProcess: done updating battery stats
05-26 19:07:45.110   581   613 W ActivityManager: Slow operation: 316ms so far, now at startProcess: building log message
05-26 19:07:45.110   581   613 I ActivityManager: Start proc 5115:com.whatsapp/u0a213 for broadcast {com.whatsapp/com.whatsapp.infra.systemreceivers.appupdated.AppUpdatedReceiver}
05-26 19:07:45.111  4907  4940 I Bugle   : BroadcastReceiverAsyncWorkTracker: Acknowledging broadcast of buoi@e9094a2
05-26 19:07:45.128  1222  1226 I ogle.android.as: Background concurrent mark compact GC freed 3752KB AllocSpace bytes, 0(0B) LOS objects, 49% free, 7339KB/14MB, paused 604us,764us total 906.335ms
05-26 19:07:45.152   581   581 W binder:581_7: type=1400 audit(0.0:113): avc:  denied  { getopt } for  scontext=u:r:system_server:s0 tcontext=u:r:shell:s0 tclass=unix_stream_socket permissive=0
05-26 19:07:45.152   581   581 W binder:581_7: type=1400 audit(0.0:114): avc:  denied  { getopt } for  scontext=u:r:system_server:s0 tcontext=u:r:shell:s0 tclass=unix_stream_socket permissive=0
05-26 19:07:45.152   581   581 W binder:581_7: type=1400 audit(0.0:115): avc:  denied  { getopt } for  scontext=u:r:system_server:s0 tcontext=u:r:shell:s0 tclass=unix_stream_socket permissive=0
05-26 19:07:45.221   581   613 W ActivityManager: Slow operation: 427ms so far, now at startProcess: starting to update pids map
05-26 19:07:45.221   581   613 W ActivityManager: Slow operation: 427ms so far, now at startProcess: done updating pids map
05-26 19:07:45.225   581   581 W Looper  : Slow dispatch took 117ms main h=android.os.Handler c=android.app.LoadedApk$ReceiverDispatcher$Args$$ExternalSyntheticLambda0@31bc985 m=0
05-26 19:07:45.242  1243  1243 I GsaVoiceInteractionSrv: (REDACTED) O received %s
05-26 19:07:45.266   581  3284 D ActivityManager: sync unfroze 1164 com.google.android.apps.wellbeing for 7
05-26 19:07:45.278   581   581 D ActivityThread: Package [com.whatsapp] reported as REPLACED, but missing application info. Assuming REMOVED.
05-26 19:07:45.281   581   602 W Looper  : Drained
05-26 19:07:45.326   943   943 E SmsApplication: com.google.android.apps.messaging lost android:read_cell_broadcasts:  (fixing)
05-26 19:07:45.327   581   653 W AppOpService: Ignored setUidMode call for runtime permission app op: uid = 10137, code = READ_CELL_BROADCASTS, mode = allow, callingUid = 1001, oldMode = allow
05-26 19:07:45.268   916   916 D ActivityThread: Package [com.whatsapp] reported as REPLACED, but missing application info. Assuming REMOVED.
05-26 19:07:45.494  1164  1164 D ActivityThread: Package [com.whatsapp] reported as REPLACED, but missing application info. Assuming REMOVED.
05-26 19:07:45.551   943   943 E CellBroadcastUtils: getDefaultCellBroadcastReceiverPackageName: no package found
05-26 19:07:45.552   581  3284 W AppOpService: Ignored setUidMode call for runtime permission app op: uid = 1001, code = READ_SMS, mode = allow, callingUid = 1001, oldMode = allow
05-26 19:07:45.552   581  3284 W AppOpService: Ignored setUidMode call for runtime permission app op: uid = 1001, code = RECEIVE_SMS, mode = allow, callingUid = 1001, oldMode = allow
05-26 19:07:45.552   581  3284 W AppOpService: Ignored setUidMode call for runtime permission app op: uid = 1001, code = RECEIVE_WAP_PUSH, mode = allow, callingUid = 1001, oldMode = allow
05-26 19:07:45.553   581  3284 W AppOpService: Ignored setUidMode call for runtime permission app op: uid = 1001, code = SEND_SMS, mode = allow, callingUid = 1001, oldMode = allow
05-26 19:07:45.561   581   581 W Looper  : Slow dispatch took 282ms main h=android.app.ActivityThread$H c=android.app.LoadedApk$ReceiverDispatcher$Args$$ExternalSyntheticLambda0@6ee51e7 m=0
05-26 19:07:45.563   581  3284 W AppOpService: Ignored setUidMode call for runtime permission app op: uid = 1001, code = READ_CELL_BROADCASTS, mode = allow, callingUid = 1001, oldMode = allow
05-26 19:07:45.568   581   581 W AlarmManager: Package com.whatsapp, uid 10213 lost permission to set exact alarms!
05-26 19:07:45.583  1264  1878 I BugleRcsEngine: No RCS Configuration was found in Bugle for simID: redacted-pii:sim_id[chars:20,last3:897] [CONTEXT log_prefix="ProvisioningEngineDataRetriever" thread_id=62 ]
05-26 19:07:45.602   581   581 W Looper  : Drained
05-26 19:07:45.618   943   943 E SmsApplication: com.google.android.apps.messaging lost android:read_cell_broadcasts:  (fixing)
05-26 19:07:45.624   581   654 W AppOpService: Ignored setUidMode call for runtime permission app op: uid = 10137, code = READ_CELL_BROADCASTS, mode = allow, callingUid = 1001, oldMode = allow
05-26 19:07:45.638   581   794 W Looper  : Slow delivery took 285ms android.perm h=android.os.Handler c=com.android.internal.infra.ServiceConnector$Impl$$ExternalSyntheticLambda2@4d75f2c m=0
05-26 19:07:45.651   581   653 W system_server: Long monitor contention with owner binder:581_E (1546) at android.content.ComponentName com.android.server.am.ActivityManagerService.startService(android.app.IApplicationThread, android.content.Intent, java.lang.String, boolean, java.lang.String, java.lang.String, int, boolean, int, java.lang.String, java.lang.String)(ActivityManagerService.java:14006) waiters=4 in void com.android.server.am.ActivityManagerService.serviceDoneExecuting(android.os.IBinder, int, int, int, android.content.Intent) for 197ms
05-26 19:07:45.689  1336  1355 I PermissionControllerServiceImpl: Updating user sensitive for uid 10213
05-26 19:07:45.703   943   943 E CellBroadcastUtils: getDefaultCellBroadcastReceiverPackageName: no package found
05-26 19:07:45.705  5115  5115 D ApplicationLoaders: Returning zygote-cached class loader: /system/framework/org.apache.http.legacy.jar
05-26 19:07:45.705  5115  5115 D ApplicationLoaders: Returning zygote-cached class loader: /system_ext/framework/androidx.window.extensions.jar
05-26 19:07:45.705  5115  5115 D ApplicationLoaders: Returning zygote-cached class loader: /system_ext/framework/androidx.window.sidecar.jar
05-26 19:07:45.707   978   978 D ActivityThread: Package [com.whatsapp] reported as REPLACED, but missing application info. Assuming REMOVED.
05-26 19:07:45.763  5115  5115 D nativeloader: Configuring clns-7 for other apk /data/app/~~CC1of49im3gWGB8c4swVUA==/com.whatsapp-y30uFyf5-EVMw-NIvdyClQ==/base.apk. target_sdk_version=36, uses_libraries=, library_path=/data/app/~~CC1of49im3gWGB8c4swVUA==/com.whatsapp-y30uFyf5-EVMw-NIvdyClQ==/lib/x86_64:/data/app/~~CC1of49im3gWGB8c4swVUA==/com.whatsapp-y30uFyf5-EVMw-NIvdyClQ==/base.apk!/lib/x86_64, permitted_path=/data:/mnt/expand:/data/user/0/com.whatsapp
05-26 19:07:45.783   581   774 D ShortcutService: Saving package item com.whatsapp to /data/system_ce/0/shortcut_service/packages/com.whatsapp.xml
05-26 19:07:45.816   581  1790 W AppOpService: Ignored setUidMode call for runtime permission app op: uid = 1001, code = READ_SMS, mode = allow, callingUid = 1001, oldMode = allow
05-26 19:07:45.826   581   654 W AppOpService: Ignored setUidMode call for runtime permission app op: uid = 1001, code = RECEIVE_SMS, mode = allow, callingUid = 1001, oldMode = allow
05-26 19:07:45.831   581   654 W AppOpService: Ignored setUidMode call for runtime permission app op: uid = 1001, code = RECEIVE_WAP_PUSH, mode = allow, callingUid = 1001, oldMode = allow
05-26 19:07:45.835  1164  1188 I .apps.wellbeing: Waiting for a blocking GC ProfileSaver
05-26 19:07:45.840   581   654 W AppOpService: Ignored setUidMode call for runtime permission app op: uid = 1001, code = SEND_SMS, mode = allow, callingUid = 1001, oldMode = allow
05-26 19:07:45.842   581   933 W AppOpService: Ignored setUidMode call for runtime permission app op: uid = 1001, code = READ_CELL_BROADCASTS, mode = allow, callingUid = 1001, oldMode = allow
05-26 19:07:45.857   943  1074 D ImsResolver: maybeAddedImsService, packageName: com.whatsapp
05-26 19:07:45.867  1410  3267 W Conscrypt: Could not set socket write timeout: java.net.SocketException: Socket closed
05-26 19:07:45.875  1410  3267 W Conscrypt: 	at com.google.android.gms.org.conscrypt.Platform.setSocketWriteTimeout(:com.google.android.gms@242335041@24.23.35 (190800-646585959):204)
05-26 19:07:45.875  1410  3267 W Conscrypt: 	at com.google.android.gms.org.conscrypt.ConscryptFileDescriptorSocket.setSoWriteTimeout(:com.google.android.gms@242335041@24.23.35 (190800-646585959):4)
05-26 19:07:45.878   943   943 D ActivityThread: Package [com.whatsapp] reported as REPLACED, but missing application info. Assuming REMOVED.
05-26 19:07:45.894  1243  1243 I GsaVoiceInteractionSrv: (REDACTED) O received %s
05-26 19:07:45.905  1243  1243 I GsaVoiceInteractionSrv: (REDACTED) O received %s
05-26 19:07:45.934   581  4707 V GrammaticalInflectionUtils: AttributionSource: AttributionSource { uid = 10144, packageName = null, attributionTag = null, token = android.os.Binder@2f06f02, deviceId = 0, next = null } does not have READ_SYSTEM_GRAMMATICAL_GENDER permission.
05-26 19:07:46.018  5103  5103 D nativeloader: Configuring clns-shared-7 for other apk /system/app/KeyChain/KeyChain.apk. target_sdk_version=35, uses_libraries=, library_path=/system/app/KeyChain/lib/x86_64:/system/app/KeyChain/KeyChain.apk!/lib/x86_64:/system/lib64:/system_ext/lib64, permitted_path=/data:/mnt/expand:/data/user/0/com.android.keychain:/system/app/KeyChain:/system/lib64:/system_ext/lib64
05-26 19:07:46.025   581   613 W ActivityManager: Slow operation: 90ms so far, now at startProcess: asking zygote to start proc
05-26 19:07:46.028   581  4707 W ActivityManager: Slow operation: 94ms so far, now at startProcess: done starting proc!
05-26 19:07:46.030  1410  1583 I AppLinksAsyncVerifierV2: Verification result: checking for a statement with source https://b.whatsapp.com, relation delegate_permission/common.handle_all_urls, and target com.whatsapp --> false. [CONTEXT service_id=244 ]
05-26 19:07:46.038   383   383 D Zygote  : Forked child process 5146
05-26 19:07:46.049  1410  5094 I AppLinksHostsVerifierV2: Verification com.whatsapp complete. Successful hosts: . Failed hosts: b.whatsapp.com. Error hosts: . [CONTEXT service_id=244 ]
05-26 19:07:46.050   581   613 W ActivityManager: Slow operation: 115ms so far, now at startProcess: returned from zygote!
05-26 19:07:46.051   581   613 W ActivityManager: Slow operation: 116ms so far, now at startProcess: done updating battery stats
05-26 19:07:46.051   581   613 W ActivityManager: Slow operation: 116ms so far, now at startProcess: building log message
05-26 19:07:46.052   581   613 I ActivityManager: Start proc 5146:com.google.android.googlequicksearchbox:search/u0a144 for service {com.google.android.googlequicksearchbox/com.google.android.apps.gsa.search.core.service.SearchService}
05-26 19:07:46.053   581   613 W ActivityManager: Slow operation: 118ms so far, now at startProcess: starting to update pids map
05-26 19:07:46.053   581   613 W ActivityManager: Slow operation: 118ms so far, now at startProcess: done updating pids map
05-26 19:07:46.053  5115  5115 V GraphicsEnvironment: Currently set values for:
05-26 19:07:46.054  5115  5115 V GraphicsEnvironment:   angle_gl_driver_selection_pkgs=[]
05-26 19:07:46.055  5115  5115 V GraphicsEnvironment:   angle_gl_driver_selection_values=[]
05-26 19:07:46.055  5115  5115 V GraphicsEnvironment: Global.Settings values are invalid: number of packages: 0, number of values: 0
05-26 19:07:46.056  5115  5115 V GraphicsEnvironment: Neither updatable production driver nor prerelease driver is supported.
05-26 19:07:46.059  1410  5094 I WebApkHostsVerifierV2: Processing 1 input requests [CONTEXT service_id=244 ]
05-26 19:07:46.060  1410  5094 I AppLinksUtilsV1: Legacy cross-profile verification enabled [CONTEXT service_id=244 ]
05-26 19:07:46.068  1410  5094 I WebApkHostsVerifierV2: Returning 1 non-WebAPK requests [CONTEXT service_id=244 ]
05-26 19:07:46.081  5146  5146 I earchbox:search: Using CollectorTypeCMC GC.
05-26 19:07:46.085  5146  5146 W earchbox:search: Unexpected CPU variant for x86: x86_64.
05-26 19:07:46.085  5146  5146 W earchbox:search: Known variants: atom, sandybridge, silvermont, goldmont, goldmont-plus, goldmont-without-sha-xsaves, tremont, kabylake, default
05-26 19:07:46.090  5146  5146 E earchbox:search: Not starting debugger since process cannot load the jdwp agent.
05-26 19:07:46.111  5146  5146 D nativeloader: Load libframework-connectivity-tiramisu-jni.so using APEX ns com_android_tethering for caller /apex/com.android.tethering/javalib/framework-connectivity-t.jar: ok
05-26 19:07:46.116  1164  1169 I .apps.wellbeing: Background concurrent mark compact GC freed 364KB AllocSpace bytes, 0(0B) LOS objects, 49% free, 3907KB/7815KB, paused 1.877ms,1.046ms total 336.296ms
05-26 19:07:46.116  1164  1169 W .apps.wellbeing: Reducing the number of considered missed Gc histogram windows from 398 to 100
05-26 19:07:46.129  5103  5103 D CompatChangeReporter: Compat change id reported: 202956589; UID 1000; state: ENABLED
05-26 19:07:46.142  1164  1188 I .apps.wellbeing: WaitForGcToComplete blocked ProfileSaver on Background for 311.920ms
05-26 19:07:46.167  1084  5158 I ProximityAuth: [RecentAppsMediator] Package added: (user=UserHandle{0}) com.whatsapp
05-26 19:07:46.242  5146  5146 D CompatChangeReporter: Compat change id reported: 242716250; UID 10144; state: ENABLED
05-26 19:07:46.257  1084  5142 I Fitness : FitCleanupIntentOperation received Intent android.intent.action.PACKAGE_REMOVED [CONTEXT service_id=17 ]
05-26 19:07:46.291  5103  5103 V GraphicsEnvironment: Currently set values for:
05-26 19:07:46.291  5103  5103 V GraphicsEnvironment:   angle_gl_driver_selection_pkgs=[]
05-26 19:07:46.292  5103  5103 V GraphicsEnvironment:   angle_gl_driver_selection_values=[]
05-26 19:07:46.292  5103  5103 V GraphicsEnvironment: Global.Settings values are invalid: number of packages: 0, number of values: 0
05-26 19:07:46.292  5103  5103 V GraphicsEnvironment: Neither updatable production driver nor prerelease driver is supported.
05-26 19:07:46.292  5146  5146 D ApplicationLoaders: Returning zygote-cached class loader: /system/framework/org.apache.http.legacy.jar
05-26 19:07:46.292  5146  5146 D ApplicationLoaders: Returning zygote-cached class loader: /system_ext/framework/androidx.window.extensions.jar
05-26 19:07:46.293  5146  5146 D ApplicationLoaders: Returning zygote-cached class loader: /system_ext/framework/androidx.window.sidecar.jar
05-26 19:07:46.302  5115  5115 I FirebaseApp: Device unlocked: initializing all Firebase APIs for app [DEFAULT]
05-26 19:07:46.320   581  1790 D CompatChangeReporter: Compat change id reported: 311208629; UID 10143; state: ENABLED
05-26 19:07:46.329  1410  5169 I Auth    : [SupervisedAccountIntentOperation] onHandleIntent(): android.intent.action.PACKAGE_ADDED
05-26 19:07:46.331  1410  5147 V Backup  : [PhotosPackagedAddedIO] Flag is disabled.
05-26 19:07:46.351  1410  1410 D BoundBrokerSvc: onBind: Intent { act=com.google.android.gms.common.BIND_SHARED_PREFS pkg=com.google.android.gms }
05-26 19:07:46.351  1410  1410 D BoundBrokerSvc: Loading bound service for intent: Intent { act=com.google.android.gms.common.BIND_SHARED_PREFS pkg=com.google.android.gms }
05-26 19:07:46.430  1410  1747 I GmscoreIpa: Using regular flags by method 2 [CONTEXT service_id=255 ]
05-26 19:07:46.461  1410  5147 W SQLiteLog: (28) double-quoted string literal: "com.whatsapp"
05-26 19:07:46.511  5115  5115 I FirebaseInitProvider: FirebaseApp initialization successful
05-26 19:07:46.588  5146  5146 D nativeloader: InitLlndkLibrariesProduct: libEGL.so:libGLESv1_CM.so:libGLESv2.so:libGLESv3.so:libRS.so:libandroid_net.so:libapexsupport.so:libbinder_ndk.so:libc.so:libcgrouprc.so:libclang_rt.asan-x86_64-android.so:libcom.android.tethering.connectivity_native.so:libdl.so:libft2.so:liblog.so:libm.so:libmediandk.so:libnativewindow.so:libneuralnetworks.so:libselinux.so:libsync.so:libvendorsupport.so:libvndksupport.so:libvulkan.so
05-26 19:07:46.588  5146  5146 D nativeloader: Configuring product-clns-7 for unbundled product apk /product/priv-app/Velvet/Velvet.apk. target_sdk_version=34, uses_libraries=, library_path=/product/priv-app/Velvet/lib/x86_64:/product/priv-app/Velvet/Velvet.apk!/lib/x86_64:/product/lib64:/system/product/lib64, permitted_path=/data:/mnt/expand:/data/user/0/com.google.android.googlequicksearchbox:/product/lib64:/system/product/lib64
05-26 19:07:46.589  5146  5146 D nativeloader: InitVndkspLibrariesProduct: VNDK is deprecated with product
05-26 19:07:46.623   581  3284 D CompatChangeReporter: Compat change id reported: 311208629; UID 1000; state: ENABLED
05-26 19:07:46.657  5115  5115 I ProcessNameUtil: getMyProcessName
05-26 19:07:46.657  5115  5115 I ProcessNameUtil: isSecondaryProcess/process name: com.whatsapp/processing time: 1 ms
05-26 19:07:46.666  1410  3220 I Icing   : IndexChimeraService.getServiceInterface callingPackage=com.google.android.gms componentName=AppsCorpus serviceId=36
05-26 19:07:46.676  5146  5146 V GraphicsEnvironment: Currently set values for:
05-26 19:07:46.684  5146  5146 V GraphicsEnvironment:   angle_gl_driver_selection_pkgs=[]
05-26 19:07:46.692  5146  5146 V GraphicsEnvironment:   angle_gl_driver_selection_values=[]
05-26 19:07:46.692  5146  5146 V GraphicsEnvironment: Global.Settings values are invalid: number of packages: 0, number of values: 0
05-26 19:07:46.692  5146  5146 V GraphicsEnvironment: Neither updatable production driver nor prerelease driver is supported.
05-26 19:07:46.767  1410  1747 I Icing   : Usage reports ok 0, Failed Usage reports 0, indexed 0, rejected 0
05-26 19:07:46.771   581  3284 D CompatChangeReporter: Compat change id reported: 161145287; UID 10143; state: ENABLED
05-26 19:07:46.773  5146  5146 D CompatChangeReporter: Compat change id reported: 3400644; UID 10144; state: ENABLED
05-26 19:07:46.801  5146  5146 I MultiDex: VM with version 2.1.0 has multidex support
05-26 19:07:46.811  5146  5146 I MultiDex: Installing application
05-26 19:07:46.811  5146  5146 I MultiDex: VM has multidex support, MultiDex support library is disabled.
05-26 19:07:46.846   581   933 D CompatChangeReporter: Compat change id reported: 161145287; UID 10144; state: ENABLED
05-26 19:07:46.874  5115  5115 W SoLoader: Initializing SoLoader: 0
05-26 19:07:46.883  5115  5115 I SoLoader: Recording new base apk path: /data/app/~~CC1of49im3gWGB8c4swVUA==/com.whatsapp-y30uFyf5-EVMw-NIvdyClQ==/base.apk
05-26 19:07:46.883  5115  5115 I SoLoader: Previously recorded 0 base apk paths.
05-26 19:07:46.894  5115  5115 I SoLoader: Preparing SO source: DirectorySoSource[root = /vendor/lib64 flags = 2]
05-26 19:07:46.894  5115  5115 I SoLoader: Preparing SO source: DirectorySoSource[root = /system/lib64 flags = 2]
05-26 19:07:46.894  5115  5115 I SoLoader: Preparing SO source: DirectApkSoSource[root = [/data/app/~~CC1of49im3gWGB8c4swVUA==/com.whatsapp-y30uFyf5-EVMw-NIvdyClQ==/base.apk!/lib/x86_64]]
05-26 19:07:46.946  1410  1583 I Icing   : IndexChimeraService.getServiceInterface callingPackage=com.google.android.gms componentName=null serviceId=30
05-26 19:07:46.947  5115  5115 I SoLoader: Preparing SO source: ApplicationSoSource[DirectorySoSource[root = /data/app/~~CC1of49im3gWGB8c4swVUA==/com.whatsapp-y30uFyf5-EVMw-NIvdyClQ==/lib/x86_64 flags = 0]]
05-26 19:07:46.947  5115  5115 I SoLoader: init finish: 4 SO sources prepared
05-26 19:07:46.952  5115  5115 W SoLoader: SoLoader initialized: 8
05-26 19:07:46.987  5115  5115 D nativeloader: Load /data/app/~~CC1of49im3gWGB8c4swVUA==/com.whatsapp-y30uFyf5-EVMw-NIvdyClQ==/base.apk!/lib/x86_64/libsuperpack.so using ns clns-7 from class loader (caller=/data/app/~~CC1of49im3gWGB8c4swVUA==/com.whatsapp-y30uFyf5-EVMw-NIvdyClQ==/base.apk): ok
05-26 19:07:46.998  5135  5135 D AndroidRuntime: >>>>>> START com.android.internal.os.RuntimeInit uid 2000 <<<<<<
05-26 19:07:47.007  5135  5135 I AndroidRuntime: Using default boot image
05-26 19:07:47.007  5135  5135 I AndroidRuntime: Leaving lock profiling enabled
05-26 19:07:47.014  5135  5135 I app_process: Core platform API reporting enabled, enforcing=false
05-26 19:07:47.015  5135  5135 I app_process: Using CollectorTypeCMC GC.
05-26 19:07:47.015  5146  5146 D ProcessLifecycleG3: androidx.startup is not available, initializing using ProcessLifecycleOwnerInitializer instead.
05-26 19:07:47.115  5135  5135 D nativeloader: InitDefaultPublicLibraries for_preload=1: libandroid.so:libaaudio.so:libamidi.so:libbinder_ndk.so:libc.so:libcamera2ndk.so:libdl.so:libEGL.so:libGLESv1_CM.so:libGLESv2.so:libGLESv3.so:libicu.so:libicui18n.so:libicuuc.so:libjnigraphics.so:liblog.so:libmediandk.so:libm.so:libnativehelper.so:libnativewindow.so:libOpenMAXAL.so:libOpenSLES.so:libRS.so:libstdc++.so:libsync.so:libvulkan.so:libwebviewchromium_plat_support.so:libz.so
05-26 19:07:47.129  5115  5115 E spk     : loading so archive library
05-26 19:07:47.259  1410  1747 I Icing   : Usage reports ok 0, Failed Usage reports 0, indexed 0, rejected 0
05-26 19:07:47.306  5135  5135 D nativeloader: Load libicu_jni.so using APEX ns com_android_art for caller /apex/com.android.art/javalib/core-oj.jar: ok
05-26 19:07:47.306  5135  5135 D app_process: u_setTimeZoneFilesDirectory("/apex/com.android.tzdata/etc/tz/versioned/8/icu") succeeded. 
05-26 19:07:47.311  5135  5135 D app_process: I18n APEX ICU file found: /apex/com.android.i18n/etc/icu/icudt75l.dat
05-26 19:07:47.333  1410  1747 I Icing   : Indexing com.google.android.gms-apps from com.google.android.gms
05-26 19:07:47.338  5146  5146 I c       : Scoped context discovery schemas: [ScopedContextSignal(id=activation-id, marshaller=ProtoScopedContextSignalMarshaller(extension=com.google.protobuf.bo@fec7975), readerKey=com.google.bq.d.a.a.f.a.b@a2f8d0a, writerKey=com.google.bq.d.a.a.f.a.c@2f4497b), ScopedContextSignal(id=apa-canonical-id, marshaller=ProtoScopedContextSignalMarshaller(extension=com.google.protobuf.bo@88f398), readerKey=com.google.bq.d.a.a.f.b.b@41837f1, writerKey=com.google.bq.d.a.a.f.b.c@4c16fd6), ScopedContextSignal(id=product-id, marshaller=com.google.bq.d.a.a.f.d.h@bf40257, readerKey=com.google.bq.d.a.a.f.d.j@5e5b144, writerKey=com.google.bq.d.a.a.f.d.k@d67622d)].
05-26 19:07:47.342  5135  5135 D nativeloader: Load libjavacore.so using APEX ns com_android_art for caller /apex/com.android.art/javalib/core-oj.jar: ok
05-26 19:07:47.353  5135  5135 D nativeloader: Load libopenjdk.so using APEX ns com_android_art for caller /apex/com.android.art/javalib/core-oj.jar: ok
05-26 19:07:47.360  5135  5135 W app_process: Unexpected CPU variant for x86: x86_64.
05-26 19:07:47.360  5135  5135 W app_process: Known variants: atom, sandybridge, silvermont, goldmont, goldmont-plus, goldmont-without-sha-xsaves, tremont, kabylake, default
05-26 19:07:47.464  5146  5201 D nativeloader: Load /product/priv-app/Velvet/Velvet.apk!/lib/x86_64/libnative_crash_handler_jni.so using ns product-clns-7 from class loader (caller=/product/priv-app/Velvet/Velvet.apk!classes8.dex): ok
05-26 19:07:47.476   581   592 I system_server: Background concurrent mark compact GC freed 11MB AllocSpace bytes, 24(540KB) LOS objects, 45% free, 28MB/52MB, paused 22.026ms,2.426ms total 1.807s
05-26 19:07:47.524  5115  5185 E spk     : re-using previous load of so archive library
05-26 19:07:47.531   884  1882 D ApfFilter: (wlan0): Adding RA fe80::2 -> ff02::1 1800s fec0::/64 86400s/14400s 
05-26 19:07:47.544  5135  5135 D nativeloader: Load libframework-connectivity-tiramisu-jni.so using APEX ns com_android_tethering for caller /apex/com.android.tethering/javalib/framework-connectivity-t.jar: ok
05-26 19:07:47.545  5135  5135 D AndroidRuntime: Calling main entry com.android.commands.monkey.Monkey
05-26 19:07:47.551  5135  5135 W Monkey  : args: [-p, com.whatsapp, -c, android.intent.category.LAUNCHER, 1]
05-26 19:07:47.552  5135  5135 W Monkey  :  arg: "-p"
05-26 19:07:47.553  5135  5135 W Monkey  :  arg: "com.whatsapp"
05-26 19:07:47.553  5135  5135 W Monkey  :  arg: "-c"
05-26 19:07:47.554  5135  5135 W Monkey  :  arg: "android.intent.category.LAUNCHER"
05-26 19:07:47.556  5135  5135 W Monkey  :  arg: "1"
05-26 19:07:47.557  5135  5135 W Monkey  : data="com.whatsapp"
05-26 19:07:47.557  5135  5135 W Monkey  : data="android.intent.category.LAUNCHER"
05-26 19:07:47.578  1222  1745 I AiAiTextClassifier: [VisualCortexAdapter]: provideRegistration: Registered Prominent Screen Entities for updates.
05-26 19:07:47.582  1222  1745 I AiAiTextClassifier: [VisualCortexAdapter]: provideRegistration: Registered Prominent Screen Entities for updates.
05-26 19:07:47.584  5115  5115 W SoLoader: Loading wa_log on the main thread
05-26 19:07:47.585  1222  1745 I AiAiTextClassifier: [VisualCortexAdapter]: provideRegistration: Registered Prominent Screen Entities for updates.
05-26 19:07:47.591  1222  1745 I AiAiTextClassifier: [VisualCortexAdapter]: provideRegistration: Registered Prominent Screen Entities for updates.
05-26 19:07:47.592  1222  1745 I AiAiTextClassifier: [VisualCortexAdapter]: provideRegistration: Registered Prominent Screen Entities for updates.
05-26 19:07:47.594  1222  1745 I AiAiTextClassifier: [VisualCortexAdapter]: provideRegistration: Registered Prominent Screen Entities for updates.
05-26 19:07:47.597  1222  1745 I AiAiTextClassifier: [VisualCortexAdapter]: provideRegistration: Registered Prominent Screen Entities for updates.
05-26 19:07:47.600  1222  1745 I AiAiTextClassifier: [VisualCortexAdapter]: provideRegistration: Registered Prominent Screen Entities for updates.
05-26 19:07:47.602  1222  1745 I AiAiTextClassifier: [VisualCortexAdapter]: provideRegistration: Registered Prominent Screen Entities for updates.
05-26 19:07:47.628  5115  5115 W com.whatsapp: type=1400 audit(0.0:116): avc:  granted  { execute } for  path="/data/data/com.whatsapp/files/decompressed/libs.spo/libwa_log.so" dev="dm-46" ino=361523 scontext=u:r:untrusted_app:s0:c213,c256,c512,c768 tcontext=u:object_r:app_data_file:s0:c213,c256,c512,c768 tclass=file app=com.whatsapp
05-26 19:07:47.631  5115  5115 W SoLoader[NativeDeps]: Falling back to custom ELF parsing when loading libwa_log.so, this can be slow
05-26 19:07:47.632  5115  5115 D nativeloader: Load /data/data/com.whatsapp/files/decompressed/libs.spo/libwa_log.so using ns clns-7 from class loader (caller=/data/app/~~CC1of49im3gWGB8c4swVUA==/com.whatsapp-y30uFyf5-EVMw-NIvdyClQ==/base.apk): ok
05-26 19:07:47.639  5115  5115 W SoLoader: Loading essential on the main thread
05-26 19:07:47.640  5115  5115 W SoLoader[NativeDeps]: Falling back to custom ELF parsing when loading libessential.so, this can be slow
05-26 19:07:47.641  5115  5115 W SoLoader[NativeDeps]: Falling back to custom ELF parsing when loading libfb.so, this can be slow
05-26 19:07:47.645   581   594 W system_server: ApkAssets: Deleting an ApkAssets object '<empty> and /system/priv-app/InputDevices/InputDevices.apk' with 1 weak references
05-26 19:07:47.646   581   594 W system_server: ApkAssets: Deleting an ApkAssets object '<empty> and /product/app/LatinIMEGooglePrebuilt/LatinIMEGooglePrebuilt.apk' with 1 weak references
05-26 19:07:47.646   581   594 W system_server: ApkAssets: Deleting an ApkAssets object '<empty> and /data/app/~~CC1of49im3gWGB8c4swVUA==/com.whatsapp-y30uFyf5-EVMw-NIvdyClQ==/base.apk' with 1 weak references
05-26 19:07:47.647   581   594 W system_server: ApkAssets: Deleting an ApkAssets object '<empty> and /product/app/GoogleTTS/GoogleTTS.apk' with 1 weak references
05-26 19:07:47.647   581   594 W system_server: ApkAssets: Deleting an ApkAssets object '<empty> and /system_ext/app/AccessibilityMenu/AccessibilityMenu.apk' with 1 weak references
05-26 19:07:47.647   581   594 W system_server: ApkAssets: Deleting an ApkAssets object '/product/overlay/AccessibilityMenu__sdk_gphone64_x86_64__auto_generated_rro_product.apk' with 1 weak references
05-26 19:07:47.673  5115  5115 W SoLoader[NativeDeps]: Falling back to custom ELF parsing when loading libglog.so, this can be slow
05-26 19:07:47.691  5115  5115 W SoLoader[NativeDeps]: Falling back to custom ELF parsing when loading libc++_shared.so, this can be slow
05-26 19:07:47.693  5115  5115 D nativeloader: Load /data/data/com.whatsapp/files/decompressed/libs.spo/libc++_shared.so using ns clns-7 from class loader (caller=/data/app/~~CC1of49im3gWGB8c4swVUA==/com.whatsapp-y30uFyf5-EVMw-NIvdyClQ==/base.apk): ok
05-26 19:07:47.696  5115  5115 D nativeloader: Load /data/data/com.whatsapp/files/decompressed/libs.spo/libglog.so using ns clns-7 from class loader (caller=/data/app/~~CC1of49im3gWGB8c4swVUA==/com.whatsapp-y30uFyf5-EVMw-NIvdyClQ==/base.apk): ok
05-26 19:07:47.696  5115  5115 W SoLoader[NativeDeps]: Falling back to custom ELF parsing when loading libfbsofterror.so, this can be slow
05-26 19:07:47.696  5115  5115 W SoLoader[NativeDeps]: Falling back to custom ELF parsing when loading libfbjni.so, this can be slow
05-26 19:07:47.692  5115  5115 W com.whatsapp: type=1400 audit(0.0:117): avc:  granted  { execute } for  path="/data/data/com.whatsapp/files/decompressed/libs.spo/libc++_shared.so" dev="dm-46" ino=361524 scontext=u:r:untrusted_app:s0:c213,c256,c512,c768 tcontext=u:object_r:app_data_file:s0:c213,c256,c512,c768 tclass=file app=com.whatsapp
05-26 19:07:47.692  5115  5115 W com.whatsapp: type=1400 audit(0.0:118): avc:  granted  { execute } for  path="/data/data/com.whatsapp/files/decompressed/libs.spo/libglog.so" dev="dm-46" ino=361519 scontext=u:r:untrusted_app:s0:c213,c256,c512,c768 tcontext=u:object_r:app_data_file:s0:c213,c256,c512,c768 tclass=file app=com.whatsapp
05-26 19:07:47.692  5115  5115 W com.whatsapp: type=1400 audit(0.0:119): avc:  granted  { execute } for  path="/data/data/com.whatsapp/files/decompressed/libs.spo/libfbjni.so" dev="dm-46" ino=361509 scontext=u:r:untrusted_app:s0:c213,c256,c512,c768 tcontext=u:object_r:app_data_file:s0:c213,c256,c512,c768 tclass=file app=com.whatsapp
05-26 19:07:47.729  1410  1747 I Icing   : Indexing done com.google.android.gms-apps
05-26 19:07:47.730   581  3284 W ActivityManager: registerReceiverWithFeature: no app for null
05-26 19:07:47.734  5115  5115 D nativeloader: Load /data/data/com.whatsapp/files/decompressed/libs.spo/libfbjni.so using ns clns-7 from class loader (caller=/data/app/~~CC1of49im3gWGB8c4swVUA==/com.whatsapp-y30uFyf5-EVMw-NIvdyClQ==/base.apk): ok
05-26 19:07:47.732  5115  5115 W com.whatsapp: type=1400 audit(0.0:120): avc:  granted  { execute } for  path="/data/data/com.whatsapp/files/decompressed/libs.spo/libfbsofterror.so" dev="dm-46" ino=361515 scontext=u:r:untrusted_app:s0:c213,c256,c512,c768 tcontext=u:object_r:app_data_file:s0:c213,c256,c512,c768 tclass=file app=com.whatsapp
05-26 19:07:47.739  1410  1747 I Icing   : Indexing com.google.android.gms-apps from com.google.android.gms
05-26 19:07:47.740  1410  1747 I Icing   : Indexing done com.google.android.gms-apps
05-26 19:07:47.741  5115  5115 D nativeloader: Load /data/data/com.whatsapp/files/decompressed/libs.spo/libfbsofterror.so using ns clns-7 from class loader (caller=/data/app/~~CC1of49im3gWGB8c4swVUA==/com.whatsapp-y30uFyf5-EVMw-NIvdyClQ==/base.apk): ok
05-26 19:07:47.740  5115  5115 W com.whatsapp: type=1400 audit(0.0:121): avc:  granted  { execute } for  path="/data/data/com.whatsapp/files/decompressed/libs.spo/libfb.so" dev="dm-46" ino=361512 scontext=u:r:untrusted_app:s0:c213,c256,c512,c768 tcontext=u:object_r:app_data_file:s0:c213,c256,c512,c768 tclass=file app=com.whatsapp
05-26 19:07:47.765  5115  5115 D nativeloader: Load /data/data/com.whatsapp/files/decompressed/libs.spo/libfb.so using ns clns-7 from class loader (caller=/data/app/~~CC1of49im3gWGB8c4swVUA==/com.whatsapp-y30uFyf5-EVMw-NIvdyClQ==/base.apk): ok
05-26 19:07:47.766  5115  5115 W SoLoader: Loading fb on the main thread
05-26 19:07:47.768  5115  5115 W SoLoader[NativeDeps]: Falling back to custom ELF parsing when loading libfb.so, this can be slow
05-26 19:07:47.777  5115  5115 I com.whatsapp: Thread[1,tid=5115,Native,Thread*=0x772545bc7380,peer=0x72e7a270,"main"] recursive attempt to load library "/data/data/com.whatsapp/files/decompressed/libs.spo/libfb.so"
05-26 19:07:47.779  5115  5115 D nativeloader: Load /data/data/com.whatsapp/files/decompressed/libs.spo/libessential.so using ns clns-7 from class loader (caller=/data/app/~~CC1of49im3gWGB8c4swVUA==/com.whatsapp-y30uFyf5-EVMw-NIvdyClQ==/base.apk): ok
05-26 19:07:47.759     0     0 W audit   : audit_lost=35 audit_rate_limit=5 audit_backlog_limit=64
05-26 19:07:47.759     0     0 E audit   : rate limit exceeded
05-26 19:07:47.806  5115  5115 D SigquitBasedANRDetector: Registered
05-26 19:07:47.839   581   611 W MagnificationConnectionManager: requestConnection duplicated request: connect=false, mConnectionState=DISCONNECTED
05-26 19:07:47.839   581   581 W IPCThreadState: Sending oneway calls to frozen process.
05-26 19:07:47.839   581   581 W IPCThreadState: Sending oneway calls to frozen process.
05-26 19:07:47.840   581   581 W IPCThreadState: Sending oneway calls to frozen process.
05-26 19:07:47.840   581   581 W IPCThreadState: Sending oneway calls to frozen process.
05-26 19:07:47.843   581   611 W MagnificationConnectionManager: requestConnection duplicated request: connect=false, mConnectionState=DISCONNECTED
05-26 19:07:47.844   581   581 W IPCThreadState: Sending oneway calls to frozen process.
05-26 19:07:47.844   581   581 W IPCThreadState: Sending oneway calls to frozen process.
05-26 19:07:47.845   581   581 W IPCThreadState: Sending oneway calls to frozen process.
05-26 19:07:47.845   581   581 W IPCThreadState: Sending oneway calls to frozen process.
05-26 19:07:47.850  5115  5115 D SigquitBasedANRDetector: Initialized
05-26 19:07:47.853  1020  1069 D PackageUpdatedTask: Package updated: mOp=UPDATE packages=[com.whatsapp]
05-26 19:07:47.854  1222  1222 I AiAiEcho: AppFetcherImpl onPackageChanged com.whatsapp.
05-26 19:07:47.858  1222  5218 I AiAiEcho: AppIndexer Package:[com.whatsapp] UserProfile:[0] Enabled:[true].
05-26 19:07:47.861  1222  5218 I AiAiEcho: AppFetcherImplV2 updateApps package:[com.whatsapp], userId:[0], reason:[package is updated.].
05-26 19:07:47.912  5115  5115 I SigquitBasedANRDetector: Function PaletteWriteCrashThreadStacks hooked with result=0
05-26 19:07:47.913  5115  5115 D SigquitBasedANRDetector: Detector started
05-26 19:07:47.926  5115  5115 W SoLoader: Loading rtvip on the main thread
05-26 19:07:47.927  5115  5115 W SoLoader[NativeDeps]: Falling back to custom ELF parsing when loading librtvip.so, this can be slow
05-26 19:07:47.928  5115  5115 D nativeloader: Load /data/data/com.whatsapp/files/decompressed/libs.spo/librtvip.so using ns clns-7 from class loader (caller=/data/app/~~CC1of49im3gWGB8c4swVUA==/com.whatsapp-y30uFyf5-EVMw-NIvdyClQ==/base.apk): ok
05-26 19:07:47.933  5115  5115 W SoLoader: Loading rtvip on the main thread
05-26 19:07:47.942  5115  5115 I rtvip   : done
05-26 19:07:47.951  5115  5115 W SoLoader: Loading vlc on the main thread
05-26 19:07:47.958  5115  5115 W SoLoader[NativeDeps]: Falling back to custom ELF parsing when loading libvlc.so, this can be slow
05-26 19:07:47.970  5115  5115 D nativeloader: Load /data/data/com.whatsapp/files/decompressed/libs.spo/libvlc.so using ns clns-7 from class loader (caller=/data/app/~~CC1of49im3gWGB8c4swVUA==/com.whatsapp-y30uFyf5-EVMw-NIvdyClQ==/base.apk): ok
05-26 19:07:47.971  5115  5115 W SoLoader: Loading native_utils on the main thread
05-26 19:07:47.977  5146  5146 I A       : Initializing GMS Compliance Client Library...
05-26 19:07:47.982  5146  5146 I A       : Checking for device compliance...
05-26 19:07:47.983  5146  5146 I A       : Completed library init.
05-26 19:07:47.984  1020  1020 D StatsLog: LAUNCHER_ALLAPPS_COUNT
05-26 19:07:48.018  5115  5115 W SoLoader[NativeDeps]: Falling back to custom ELF parsing when loading libnative_utils.so, this can be slow
05-26 19:07:48.019  5115  5115 D nativeloader: Load /data/data/com.whatsapp/files/decompressed/libs.spo/libnative_utils.so using ns clns-7 from class loader (caller=/data/app/~~CC1of49im3gWGB8c4swVUA==/com.whatsapp-y30uFyf5-EVMw-NIvdyClQ==/base.apk): ok
05-26 19:07:48.094  5115  5115 W SoLoader: Loading curve25519 on the main thread
05-26 19:07:48.094  5115  5115 W SoLoader[NativeDeps]: Falling back to custom ELF parsing when loading libcurve25519.so, this can be slow
05-26 19:07:48.095  5115  5115 D nativeloader: Load /data/data/com.whatsapp/files/decompressed/libs.spo/libcurve25519.so using ns clns-7 from class loader (caller=/data/app/~~CC1of49im3gWGB8c4swVUA==/com.whatsapp-y30uFyf5-EVMw-NIvdyClQ==/base.apk): ok
05-26 19:07:48.131  1020  1357 D EGL_emulation: app_time_stats: avg=3999762.50ms min=3999762.50ms max=3999762.50ms count=1
05-26 19:07:48.152   800   800 I wpa_supplicant: wlan0: CTRL-EVENT-BEACON-LOSS 
05-26 19:07:48.231   581  4707 W ActivityTaskManager: callingPackage for (uid=2000, pid=5135) has no WPC
05-26 19:07:48.263   581  4707 W OptProp : Cannot read opt property android.window.PROPERTY_COMPAT_ALLOW_USER_ASPECT_RATIO_OVERRIDE
05-26 19:07:48.281   581  4707 W OptProp : Cannot read opt property android.window.PROPERTY_COMPAT_ALLOW_USER_ASPECT_RATIO_FULLSCREEN_OVERRIDE
05-26 19:07:48.282   581  4707 W OptProp : Cannot read opt property android.window.PROPERTY_COMPAT_ALLOW_ORIENTATION_OVERRIDE
05-26 19:07:48.317   581  4707 V GrammaticalInflectionUtils: AttributionSource: AttributionSource { uid = 10213, packageName = null, attributionTag = null, token = android.os.Binder@2f06f02, deviceId = 0, next = null } does not have READ_SYSTEM_GRAMMATICAL_GENDER permission.
05-26 19:07:48.318   581  4707 W OptProp : Cannot read opt property android.window.PROPERTY_COMPAT_ALLOW_RESIZEABLE_ACTIVITY_OVERRIDES
05-26 19:07:48.319   581  4707 W OptProp : Cannot read opt property android.window.PROPERTY_COMPAT_ALLOW_MIN_ASPECT_RATIO_OVERRIDE
05-26 19:07:48.342  5146  5224 I EventBusThread: (REDACTED) Event Bus thread starting with TID %d
05-26 19:07:48.598   581  4707 I ActivityTaskManager: START u0 {act=android.intent.action.MAIN cat=[android.intent.category.LAUNCHER] flg=0x10200000 cmp=com.whatsapp/.Main} with LAUNCH_MULTIPLE from uid 2000 (BAL_ALLOW_PERMISSION) result code=0
05-26 19:07:48.599  5135  5135 I Monkey  : Events injected: 1
05-26 19:07:48.604   813   845 V WindowManagerShell: Transition requested (#10): android.os.BinderProxy@59ec022 TransitionRequestInfo { type = OPEN, triggerTask = TaskInfo{userId=0 taskId=7 displayId=0 isRunning=true baseIntent=Intent { act=android.intent.action.MAIN cat=[android.intent.category.LAUNCHER] flg=0x10200000 cmp=com.whatsapp/.Main } baseActivity=ComponentInfo{com.whatsapp/com.whatsapp.Main} topActivity=ComponentInfo{com.whatsapp/com.whatsapp.Main} origActivity=null realActivity=ComponentInfo{com.whatsapp/com.whatsapp.Main} numActivities=1 lastActiveTime=7133341 supportsMultiWindow=true resizeMode=1 isResizeable=true minWidth=-1 minHeight=-1 defaultMinSize=220 token=WCT{android.window.IWindowContainerToken$Stub$Proxy@f6e5ab3} topActivityType=1 pictureInPictureParams=null shouldDockBigOverlays=false launchIntoPipHostTaskId=-1 lastParentTaskIdBeforePip=-1 displayCutoutSafeInsets=null topActivityInfo=ActivityInfo{b115870 com.whatsapp.Main} launchCookies=[] positionInParent=Point(0, 0) parentTaskId=-1 isFocused=false isVisible=false isVisibleRequested=false isSleeping=false locusId=null displayAreaFeatureId=1 isTopActivityTransparent=false appCompatTaskInfo=AppCompatTaskInfo { topActivityInSizeCompat=false topActivityEligibleForLetterboxEducation= falseisLetterboxEducationEnabled= true isLetterboxDoubleTapEnabled= false topActivityEligibleForUserAspectRatioButton= false topActivityBoundsLetterboxed= false isFromLetterboxDoubleTap= false topActivityLetterboxVerticalPosition= -1 topActivityLetterboxHorizontalPosition= -1 topActivityLetterboxWidth=1080 topActivityLetterboxHeight=1920 isUserFullscreenOverrideEnabled=false isSystemFullscreenOverrideEnabled=false cameraCompatTaskInfo=CameraCompatTaskInfo { cameraCompatControlState=hidden freeformCameraCompatMode=inactive}}}, pipTask = null, remoteTransition = null, displayChange = null, flags = 0, debugId = 10 }
05-26 19:07:48.610   581  3284 W system_server: Long monitor contention with owner binder:581_1F (4707) at int com.android.server.wm.ActivityStarter.execute()(ActivityStarter.java:825) waiters=0 in boolean com.android.server.wm.ActivityTaskManagerService$LocalService.attachApplication(com.android.server.wm.WindowProcessController) for 286ms
05-26 19:07:48.611   581  3284 W ActivityManager: Slow operation: 287ms so far, now at finishAttachApplicationInner: after mServices.attachApplicationLocked
05-26 19:07:48.623   581  3284 W ActivityManager: Slow operation: 299ms so far, now at finishAttachApplicationInner: after dispatching broadcasts
05-26 19:07:48.632   581   605 W system_server: Long monitor contention with owner binder:581_1F (4707) at void com.android.server.wm.WindowManagerService.freezeDisplayRotation(int, int, java.lang.String)(WindowManagerService.java:4519) waiters=2 in void com.android.server.wm.RootWindowContainer$RankTaskLayersRunnable.run() for 258ms
05-26 19:07:48.633   581   606 W system_server: Long monitor contention with owner binder:581_1F (4707) at void com.android.server.wm.WindowManagerService.freezeDisplayRotation(int, int, java.lang.String)(WindowManagerService.java:4519) waiters=1 in void com.android.server.wm.WindowAnimator.lambda$new$1(long) for 301ms
05-26 19:07:48.698   382   469 I netd    : tetherGetStats() -> {[]} <16.69ms>
05-26 19:07:48.724  1020  1020 W SplitSelectStateCtor: Missing session instanceIds
05-26 19:07:48.724  1020  1020 D StatsLog: LAUNCHER_SPLIT_SELECTION_EXIT_INTERRUPTED
05-26 19:07:48.728   581   933 W OptProp : Cannot read opt property android.window.PROPERTY_COMPAT_ENABLE_FAKE_FOCUS
05-26 19:07:48.809  1020  1020 I TopTaskTracker: onTaskMovedToFront: (moved taskInfo to front) taskId=7, baseIntent=Intent { act=android.intent.action.MAIN cat=[android.intent.category.LAUNCHER] flg=0x10200000 cmp=com.whatsapp/.Main }
05-26 19:07:48.819   813   845 W Looper  : Slow dispatch took 220ms wmshell.main h=android.os.Handler c=com.android.wm.shell.transition.Transitions$TransitionPlayerImpl$$ExternalSyntheticLambda1@b4c317a m=0
05-26 19:07:48.819   813   845 W Looper  : Slow delivery took 184ms wmshell.main h=android.os.Handler c=null m=16
05-26 19:07:48.838   813   845 D WindowManagerShell: setLauncherKeepClearAreaHeight: visible=false, height=459
05-26 19:07:48.840   431   431 I BpBinder: onLastStrongRef automatically unlinking death recipients: 
05-26 19:07:48.854  5135  5135 I Monkey  : ## Network stats: elapsed time=700ms (0ms mobile, 0ms wifi, 700ms not connected)
05-26 19:07:48.857  5135  5135 I app_process: System.exit called, status: 0
05-26 19:07:48.858  5135  5135 I AndroidRuntime: VM exiting with result code 0.
05-26 19:07:48.929   813   845 W Looper  : Slow dispatch took 90ms wmshell.main h=android.os.Handler c=android.window.TaskOrganizer$1$$ExternalSyntheticLambda4@4e06d2b m=0
05-26 19:07:49.007   813   861 D SplashScreenView: Build android.window.SplashScreenView{f13c588 V.E...... ......ID 0,0-0,0}
05-26 19:07:49.007   813   861 D SplashScreenView: Icon: view: android.widget.ImageView{cabb21 V.ED..... ......I. 0,0-0,0 #1020504 android:id/splashscreen_icon_view} drawable: com.android.wm.shell.startingsurface.SplashscreenIconDrawableFactory$ImmobileIconDrawable@6e3b234 size: 504
